Nov 17 09:16:41 K anacron[592]: Job `cron.daily' terminated
Nov 17 09:16:41 K anacron[592]: Normal exit (1 job run)
Nov 17 09:16:41 K rsyslogd0: action 'action 17' resumed (module 'builtin:ompipe') [try http://www.rsyslog.com/e/0 ]
Nov 17 09:16:41 K rsyslogd-2359: action 'action 17' resumed (module 'builtin:ompipe') [try http://www.rsyslog.com/e/2359 ]
Nov 17 09:17:01 K CRON[9536]: (root) CMD (   cd / && run-parts --report /etc/cron.hourly)
Nov 17 09:26:04 K systemd[1]: Starting Cleanup of Temporary Directories...
Nov 17 09:26:04 K systemd[1]: Started Cleanup of Temporary Directories.
Nov 17 09:35:25 K kernel: [ 1467.737705] atkbd serio0: Unknown key pressed (translated set 2, code 0xf1 on isa0060/serio0).
Nov 17 09:35:25 K kernel: [ 1467.737750] atkbd serio0: Use 'setkeycodes e071 <keycode>' to make it known.
Nov 17 09:35:25 K kernel: [ 1467.748400] atkbd serio0: Unknown key released (translated set 2, code 0xf1 on isa0060/serio0).
Nov 17 09:35:25 K kernel: [ 1467.748451] atkbd serio0: Use 'setkeycodes e071 <keycode>' to make it known.
Nov 17 09:54:57 K kernel: [ 2638.531144] atkbd serio0: Unknown key pressed (translated set 2, code 0xf1 on isa0060/serio0).
Nov 17 09:54:57 K kernel: [ 2638.531193] atkbd serio0: Use 'setkeycodes e071 <keycode>' to make it known.
Nov 17 09:54:57 K kernel: [ 2638.541800] atkbd serio0: Unknown key released (translated set 2, code 0xf1 on isa0060/serio0).
Nov 17 09:54:57 K kernel: [ 2638.541851] atkbd serio0: Use 'setkeycodes e071 <keycode>' to make it known.
Nov 17 10:17:01 K CRON[6297]: (root) CMD (   cd / && run-parts --report /etc/cron.hourly)
Nov 17 10:37:56 K kernel: [ 5215.837019] wlan0: Connection to AP c8:3a:35:1a:bb:e0 lost
Nov 17 10:37:56 K wpa_supplicant[783]: wlan0: CTRL-EVENT-DISCONNECTED bssid=c8:3a:35:1a:bb:e0 reason=4 locally_generated=1
Nov 17 10:37:56 K NetworkManager[587]: <warn> Connection disconnected (reason -4)
Nov 17 10:37:56 K kernel: [ 5215.889919] cfg80211: Calling CRDA to update world regulatory domain
Nov 17 10:37:56 K wpa_supplicant[783]: wlan0: CTRL-EVENT-REGDOM-CHANGE init=CORE type=WORLD
Nov 17 10:37:56 K NetworkManager[587]: <info> (wlan0): supplicant interface state: completed -> disconnected
Nov 17 10:37:56 K kernel: [ 5215.895313] cfg80211: World regulatory domain updated:
Nov 17 10:37:56 K kernel: [ 5215.895320] cfg80211:  DFS Master region: unset
Nov 17 10:37:56 K kernel: [ 5215.895323] cfg80211:   (start_freq - end_freq @ bandwidth), (max_antenna_gain, max_eirp), (dfs_cac_time)
Nov 17 10:37:56 K kernel: [ 5215.895329] cfg80211:   (2402000 KHz - 2472000 KHz @ 40000 KHz), (N/A, 2000 mBm), (N/A)
Nov 17 10:37:56 K kernel: [ 5215.895333] cfg80211:   (2457000 KHz - 2482000 KHz @ 40000 KHz), (N/A, 2000 mBm), (N/A)
Nov 17 10:37:56 K kernel: [ 5215.895337] cfg80211:   (2474000 KHz - 2494000 KHz @ 20000 KHz), (N/A, 2000 mBm), (N/A)
Nov 17 10:37:56 K kernel: [ 5215.895342] cfg80211:   (5170000 KHz - 5250000 KHz @ 80000 KHz, 160000 KHz AUTO), (N/A, 2000 mBm), (N/A)
Nov 17 10:37:56 K kernel: [ 5215.895347] cfg80211:   (5250000 KHz - 5330000 KHz @ 80000 KHz, 160000 KHz AUTO), (N/A, 2000 mBm), (0 s)
Nov 17 10:37:56 K kernel: [ 5215.895351] cfg80211:   (5490000 KHz - 5730000 KHz @ 160000 KHz), (N/A, 2000 mBm), (0 s)
Nov 17 10:37:56 K kernel: [ 5215.895355] cfg80211:   (5735000 KHz - 5835000 KHz @ 80000 KHz), (N/A, 2000 mBm), (N/A)
Nov 17 10:37:56 K kernel: [ 5215.895359] cfg80211:   (57240000 KHz - 63720000 KHz @ 2160000 KHz), (N/A, 0 mBm), (N/A)
Nov 17 10:37:56 K NetworkManager[587]: <info> (wlan0): supplicant interface state: disconnected -> scanning
Nov 17 10:37:57 K wpa_supplicant[783]: wlan0: SME: Trying to authenticate with c8:3a:35:1a:bb:e0 (SSID='0312-5054118' freq=2412 MHz)
Nov 17 10:37:57 K kernel: [ 5217.147960] wlan0: authenticate with c8:3a:35:1a:bb:e0
Nov 17 10:37:57 K NetworkManager[587]: <info> (wlan0): supplicant interface state: scanning -> authenticating
Nov 17 10:37:57 K kernel: [ 5217.165943] wlan0: send auth to c8:3a:35:1a:bb:e0 (try 1/3)
Nov 17 10:37:57 K wpa_supplicant[783]: wlan0: Trying to associate with c8:3a:35:1a:bb:e0 (SSID='0312-5054118' freq=2412 MHz)
Nov 17 10:37:57 K kernel: [ 5217.169565] wlan0: authenticated
Nov 17 10:37:57 K NetworkManager[587]: <info> (wlan0): supplicant interface state: authenticating -> associating
Nov 17 10:37:57 K kernel: [ 5217.173224] wlan0: associate with c8:3a:35:1a:bb:e0 (try 1/3)
Nov 17 10:37:57 K wpa_supplicant[783]: wlan0: Associated with c8:3a:35:1a:bb:e0
Nov 17 10:37:57 K kernel: [ 5217.178798] wlan0: RX AssocResp from c8:3a:35:1a:bb:e0 (capab=0x411 status=0 aid=4)
Nov 17 10:37:57 K kernel: [ 5217.178989] wlan0: associated
Nov 17 10:37:57 K NetworkManager[587]: <info> (wlan0): supplicant interface state: associating -> associated
Nov 17 10:37:57 K NetworkManager[587]: <info> (wlan0): supplicant interface state: associated -> 4-way handshake
Nov 17 10:37:57 K NetworkManager[587]: <info> (wlan0): supplicant interface state: 4-way handshake -> group handshake
Nov 17 10:37:57 K wpa_supplicant[783]: wlan0: WPA: Key negotiation completed with c8:3a:35:1a:bb:e0 [PTK=CCMP GTK=CCMP]
Nov 17 10:37:57 K wpa_supplicant[783]: wlan0: CTRL-EVENT-CONNECTED - Connection to c8:3a:35:1a:bb:e0 completed [id=0 id_str=]
Nov 17 10:37:57 K NetworkManager[587]: <info> (wlan0): supplicant interface state: group handshake -> completed
Nov 17 10:38:26 K kernel: [ 5246.348924] wlan0: Connection to AP c8:3a:35:1a:bb:e0 lost
Nov 17 10:38:26 K wpa_supplicant[783]: wlan0: CTRL-EVENT-DISCONNECTED bssid=c8:3a:35:1a:bb:e0 reason=4 locally_generated=1
Nov 17 10:38:26 K NetworkManager[587]: <warn> Connection disconnected (reason -4)
Nov 17 10:38:26 K kernel: [ 5246.444821] cfg80211: Calling CRDA to update world regulatory domain
Nov 17 10:38:26 K wpa_supplicant[783]: wlan0: CTRL-EVENT-REGDOM-CHANGE init=CORE type=WORLD
Nov 17 10:38:26 K NetworkManager[587]: <info> (wlan0): supplicant interface state: completed -> disconnected
Nov 17 10:38:26 K kernel: [ 5246.450760] cfg80211: World regulatory domain updated:
Nov 17 10:38:26 K kernel: [ 5246.450769] cfg80211:  DFS Master region: unset
Nov 17 10:38:26 K kernel: [ 5246.450773] cfg80211:   (start_freq - end_freq @ bandwidth), (max_antenna_gain, max_eirp), (dfs_cac_time)
Nov 17 10:38:26 K kernel: [ 5246.450782] cfg80211:   (2402000 KHz - 2472000 KHz @ 40000 KHz), (N/A, 2000 mBm), (N/A)
Nov 17 10:38:26 K kernel: [ 5246.450789] cfg80211:   (2457000 KHz - 2482000 KHz @ 40000 KHz), (N/A, 2000 mBm), (N/A)
Nov 17 10:38:26 K kernel: [ 5246.450796] cfg80211:   (2474000 KHz - 2494000 KHz @ 20000 KHz), (N/A, 2000 mBm), (N/A)
Nov 17 10:38:26 K kernel: [ 5246.450804] cfg80211:   (5170000 KHz - 5250000 KHz @ 80000 KHz, 160000 KHz AUTO), (N/A, 2000 mBm), (N/A)
Nov 17 10:38:26 K kernel: [ 5246.450812] cfg80211:   (5250000 KHz - 5330000 KHz @ 80000 KHz, 160000 KHz AUTO), (N/A, 2000 mBm), (0 s)
Nov 17 10:38:26 K kernel: [ 5246.450819] cfg80211:   (5490000 KHz - 5730000 KHz @ 160000 KHz), (N/A, 2000 mBm), (0 s)
Nov 17 10:38:26 K kernel: [ 5246.450825] cfg80211:   (5735000 KHz - 5835000 KHz @ 80000 KHz), (N/A, 2000 mBm), (N/A)
Nov 17 10:38:26 K kernel: [ 5246.450832] cfg80211:   (57240000 KHz - 63720000 KHz @ 2160000 KHz), (N/A, 0 mBm), (N/A)
Nov 17 10:38:27 K NetworkManager[587]: <info> (wlan0): supplicant interface state: disconnected -> scanning
Nov 17 10:38:27 K wpa_supplicant[783]: wlan0: SME: Trying to authenticate with c8:3a:35:1a:bb:e0 (SSID='0312-5054118' freq=2412 MHz)
Nov 17 10:38:27 K kernel: [ 5247.685390] wlan0: authenticate with c8:3a:35:1a:bb:e0
Nov 17 10:38:28 K NetworkManager[587]: <info> (wlan0): supplicant interface state: scanning -> authenticating
Nov 17 10:38:28 K wpa_supplicant[783]: wlan0: Trying to associate with c8:3a:35:1a:bb:e0 (SSID='0312-5054118' freq=2412 MHz)
Nov 17 10:38:28 K kernel: [ 5247.704433] wlan0: send auth to c8:3a:35:1a:bb:e0 (try 1/3)
Nov 17 10:38:28 K kernel: [ 5247.706139] wlan0: authenticated
Nov 17 10:38:28 K NetworkManager[587]: <info> (wlan0): supplicant interface state: authenticating -> associating
Nov 17 10:38:28 K wpa_supplicant[783]: wlan0: Associated with c8:3a:35:1a:bb:e0
Nov 17 10:38:28 K kernel: [ 5247.712034] wlan0: associate with c8:3a:35:1a:bb:e0 (try 1/3)
Nov 17 10:38:28 K kernel: [ 5247.715475] wlan0: RX AssocResp from c8:3a:35:1a:bb:e0 (capab=0x411 status=0 aid=4)
Nov 17 10:38:28 K kernel: [ 5247.715654] wlan0: associated
Nov 17 10:38:28 K NetworkManager[587]: <info> (wlan0): supplicant interface state: associating -> 4-way handshake
Nov 17 10:38:28 K NetworkManager[587]: <info> (wlan0): supplicant interface state: 4-way handshake -> group handshake
Nov 17 10:38:28 K wpa_supplicant[783]: wlan0: WPA: Key negotiation completed with c8:3a:35:1a:bb:e0 [PTK=CCMP GTK=CCMP]
Nov 17 10:38:28 K wpa_supplicant[783]: wlan0: CTRL-EVENT-CONNECTED - Connection to c8:3a:35:1a:bb:e0 completed [id=0 id_str=]
Nov 17 10:38:28 K NetworkManager[587]: <info> (wlan0): supplicant interface state: group handshake -> completed
Nov 17 10:38:43 K kernel: [ 5262.875670] wlan0: Connection to AP c8:3a:35:1a:bb:e0 lost
Nov 17 10:38:43 K wpa_supplicant[783]: wlan0: CTRL-EVENT-DISCONNECTED bssid=c8:3a:35:1a:bb:e0 reason=4 locally_generated=1
Nov 17 10:38:43 K NetworkManager[587]: <warn> Connection disconnected (reason -4)
Nov 17 10:38:43 K kernel: [ 5262.950211] cfg80211: Calling CRDA to update world regulatory domain
Nov 17 10:38:43 K wpa_supplicant[783]: wlan0: CTRL-EVENT-REGDOM-CHANGE init=CORE type=WORLD
Nov 17 10:38:43 K NetworkManager[587]: <info> (wlan0): supplicant interface state: completed -> disconnected
Nov 17 10:38:43 K kernel: [ 5262.955920] cfg80211: World regulatory domain updated:
Nov 17 10:38:43 K kernel: [ 5262.955927] cfg80211:  DFS Master region: unset
Nov 17 10:38:43 K kernel: [ 5262.955930] cfg80211:   (start_freq - end_freq @ bandwidth), (max_antenna_gain, max_eirp), (dfs_cac_time)
Nov 17 10:38:43 K kernel: [ 5262.955936] cfg80211:   (2402000 KHz - 2472000 KHz @ 40000 KHz), (N/A, 2000 mBm), (N/A)
Nov 17 10:38:43 K kernel: [ 5262.955940] cfg80211:   (2457000 KHz - 2482000 KHz @ 40000 KHz), (N/A, 2000 mBm), (N/A)
Nov 17 10:38:43 K kernel: [ 5262.955944] cfg80211:   (2474000 KHz - 2494000 KHz @ 20000 KHz), (N/A, 2000 mBm), (N/A)
Nov 17 10:38:43 K kernel: [ 5262.955950] cfg80211:   (5170000 KHz - 5250000 KHz @ 80000 KHz, 160000 KHz AUTO), (N/A, 2000 mBm), (N/A)
Nov 17 10:38:43 K kernel: [ 5262.955954] cfg80211:   (5250000 KHz - 5330000 KHz @ 80000 KHz, 160000 KHz AUTO), (N/A, 2000 mBm), (0 s)
Nov 17 10:38:43 K kernel: [ 5262.955959] cfg80211:   (5490000 KHz - 5730000 KHz @ 160000 KHz), (N/A, 2000 mBm), (0 s)
Nov 17 10:38:43 K kernel: [ 5262.955963] cfg80211:   (5735000 KHz - 5835000 KHz @ 80000 KHz), (N/A, 2000 mBm), (N/A)
Nov 17 10:38:43 K kernel: [ 5262.955967] cfg80211:   (57240000 KHz - 63720000 KHz @ 2160000 KHz), (N/A, 0 mBm), (N/A)
Nov 17 10:38:43 K NetworkManager[587]: <info> (wlan0): supplicant interface state: disconnected -> scanning
Nov 17 10:38:44 K wpa_supplicant[783]: wlan0: SME: Trying to authenticate with c8:3a:35:1a:bb:e0 (SSID='0312-5054118' freq=2412 MHz)
Nov 17 10:38:44 K kernel: [ 5264.198480] wlan0: authenticate with c8:3a:35:1a:bb:e0
Nov 17 10:38:44 K NetworkManager[587]: <info> (wlan0): supplicant interface state: scanning -> authenticating
Nov 17 10:38:44 K kernel: [ 5264.215194] wlan0: send auth to c8:3a:35:1a:bb:e0 (try 1/3)
Nov 17 10:38:44 K wpa_supplicant[783]: wlan0: Trying to associate with c8:3a:35:1a:bb:e0 (SSID='0312-5054118' freq=2412 MHz)
Nov 17 10:38:44 K kernel: [ 5264.218494] wlan0: authenticated
Nov 17 10:38:44 K kernel: [ 5264.219177] wlan0: associate with c8:3a:35:1a:bb:e0 (try 1/3)
Nov 17 10:38:44 K kernel: [ 5264.222317] wlan0: RX AssocResp from c8:3a:35:1a:bb:e0 (capab=0x411 status=0 aid=4)
Nov 17 10:38:44 K kernel: [ 5264.222494] wlan0: associated
Nov 17 10:38:44 K wpa_supplicant[783]: wlan0: Associated with c8:3a:35:1a:bb:e0
Nov 17 10:38:44 K NetworkManager[587]: <info> (wlan0): supplicant interface state: authenticating -> associated
Nov 17 10:38:44 K NetworkManager[587]: <info> (wlan0): supplicant interface state: associated -> 4-way handshake
Nov 17 10:38:44 K NetworkManager[587]: <info> (wlan0): supplicant interface state: 4-way handshake -> group handshake
Nov 17 10:38:44 K wpa_supplicant[783]: wlan0: WPA: Key negotiation completed with c8:3a:35:1a:bb:e0 [PTK=CCMP GTK=CCMP]
Nov 17 10:38:44 K wpa_supplicant[783]: wlan0: CTRL-EVENT-CONNECTED - Connection to c8:3a:35:1a:bb:e0 completed [id=0 id_str=]
Nov 17 10:38:44 K NetworkManager[587]: <info> (wlan0): supplicant interface state: group handshake -> completed
Nov 17 10:39:59 K kernel: [ 5339.468769] wlan0: Connection to AP c8:3a:35:1a:bb:e0 lost
Nov 17 10:39:59 K wpa_supplicant[783]: wlan0: CTRL-EVENT-DISCONNECTED bssid=c8:3a:35:1a:bb:e0 reason=4 locally_generated=1
Nov 17 10:39:59 K NetworkManager[587]: <warn> Connection disconnected (reason -4)
Nov 17 10:39:59 K kernel: [ 5339.564657] cfg80211: Calling CRDA to update world regulatory domain
Nov 17 10:39:59 K wpa_supplicant[783]: wlan0: CTRL-EVENT-REGDOM-CHANGE init=CORE type=WORLD
Nov 17 10:39:59 K NetworkManager[587]: <info> (wlan0): supplicant interface state: completed -> disconnected
Nov 17 10:39:59 K kernel: [ 5339.569867] cfg80211: World regulatory domain updated:
Nov 17 10:39:59 K kernel: [ 5339.569874] cfg80211:  DFS Master region: unset
Nov 17 10:39:59 K kernel: [ 5339.569877] cfg80211:   (start_freq - end_freq @ bandwidth), (max_antenna_gain, max_eirp), (dfs_cac_time)
Nov 17 10:39:59 K kernel: [ 5339.569883] cfg80211:   (2402000 KHz - 2472000 KHz @ 40000 KHz), (N/A, 2000 mBm), (N/A)
Nov 17 10:39:59 K kernel: [ 5339.569887] cfg80211:   (2457000 KHz - 2482000 KHz @ 40000 KHz), (N/A, 2000 mBm), (N/A)
Nov 17 10:39:59 K kernel: [ 5339.569891] cfg80211:   (2474000 KHz - 2494000 KHz @ 20000 KHz), (N/A, 2000 mBm), (N/A)
Nov 17 10:39:59 K kernel: [ 5339.569896] cfg80211:   (5170000 KHz - 5250000 KHz @ 80000 KHz, 160000 KHz AUTO), (N/A, 2000 mBm), (N/A)
Nov 17 10:39:59 K kernel: [ 5339.569901] cfg80211:   (5250000 KHz - 5330000 KHz @ 80000 KHz, 160000 KHz AUTO), (N/A, 2000 mBm), (0 s)
Nov 17 10:39:59 K kernel: [ 5339.569906] cfg80211:   (5490000 KHz - 5730000 KHz @ 160000 KHz), (N/A, 2000 mBm), (0 s)
Nov 17 10:39:59 K kernel: [ 5339.569910] cfg80211:   (5735000 KHz - 5835000 KHz @ 80000 KHz), (N/A, 2000 mBm), (N/A)
Nov 17 10:39:59 K kernel: [ 5339.569914] cfg80211:   (57240000 KHz - 63720000 KHz @ 2160000 KHz), (N/A, 0 mBm), (N/A)
Nov 17 10:40:00 K NetworkManager[587]: <info> (wlan0): supplicant interface state: disconnected -> scanning
Nov 17 10:40:01 K wpa_supplicant[783]: wlan0: SME: Trying to authenticate with c8:3a:35:1a:bb:e0 (SSID='0312-5054118' freq=2412 MHz)
Nov 17 10:40:01 K kernel: [ 5340.813650] wlan0: authenticate with c8:3a:35:1a:bb:e0
Nov 17 10:40:01 K NetworkManager[587]: <info> (wlan0): supplicant interface state: scanning -> authenticating
Nov 17 10:40:01 K kernel: [ 5340.832287] wlan0: send auth to c8:3a:35:1a:bb:e0 (try 1/3)
Nov 17 10:40:01 K wpa_supplicant[783]: wlan0: Trying to associate with c8:3a:35:1a:bb:e0 (SSID='0312-5054118' freq=2412 MHz)
Nov 17 10:40:01 K kernel: [ 5340.838542] wlan0: authenticated
Nov 17 10:40:01 K kernel: [ 5340.839878] wlan0: associate with c8:3a:35:1a:bb:e0 (try 1/3)
Nov 17 10:40:01 K NetworkManager[587]: <info> (wlan0): supplicant interface state: authenticating -> associating
Nov 17 10:40:01 K wpa_supplicant[783]: wlan0: Associated with c8:3a:35:1a:bb:e0
Nov 17 10:40:01 K kernel: [ 5340.844856] wlan0: RX AssocResp from c8:3a:35:1a:bb:e0 (capab=0x411 status=0 aid=4)
Nov 17 10:40:01 K kernel: [ 5340.845040] wlan0: associated
Nov 17 10:40:01 K NetworkManager[587]: <info> (wlan0): supplicant interface state: associating -> associated
Nov 17 10:40:01 K NetworkManager[587]: <info> (wlan0): supplicant interface state: associated -> 4-way handshake
Nov 17 10:40:01 K NetworkManager[587]: <info> (wlan0): supplicant interface state: 4-way handshake -> group handshake
Nov 17 10:40:01 K wpa_supplicant[783]: wlan0: WPA: Key negotiation completed with c8:3a:35:1a:bb:e0 [PTK=CCMP GTK=CCMP]
Nov 17 10:40:01 K wpa_supplicant[783]: wlan0: CTRL-EVENT-CONNECTED - Connection to c8:3a:35:1a:bb:e0 completed [id=0 id_str=]
Nov 17 10:40:01 K NetworkManager[587]: <info> (wlan0): supplicant interface state: group handshake -> completed
Nov 17 10:40:32 K kernel: [ 5372.022555] wlan0: Connection to AP c8:3a:35:1a:bb:e0 lost
Nov 17 10:40:32 K wpa_supplicant[783]: wlan0: CTRL-EVENT-DISCONNECTED bssid=c8:3a:35:1a:bb:e0 reason=4 locally_generated=1
Nov 17 10:40:32 K NetworkManager[587]: <warn> Connection disconnected (reason -4)
Nov 17 10:40:32 K kernel: [ 5372.098771] cfg80211: Calling CRDA to update world regulatory domain
Nov 17 10:40:32 K NetworkManager[587]: <info> (wlan0): supplicant interface state: completed -> disconnected
Nov 17 10:40:32 K wpa_supplicant[783]: wlan0: CTRL-EVENT-REGDOM-CHANGE init=CORE type=WORLD
Nov 17 10:40:32 K kernel: [ 5372.104884] cfg80211: World regulatory domain updated:
Nov 17 10:40:32 K kernel: [ 5372.104891] cfg80211:  DFS Master region: unset
Nov 17 10:40:32 K kernel: [ 5372.104894] cfg80211:   (start_freq - end_freq @ bandwidth), (max_antenna_gain, max_eirp), (dfs_cac_time)
Nov 17 10:40:32 K kernel: [ 5372.104901] cfg80211:   (2402000 KHz - 2472000 KHz @ 40000 KHz), (N/A, 2000 mBm), (N/A)
Nov 17 10:40:32 K kernel: [ 5372.104907] cfg80211:   (2457000 KHz - 2482000 KHz @ 40000 KHz), (N/A, 2000 mBm), (N/A)
Nov 17 10:40:32 K kernel: [ 5372.104912] cfg80211:   (2474000 KHz - 2494000 KHz @ 20000 KHz), (N/A, 2000 mBm), (N/A)
Nov 17 10:40:32 K kernel: [ 5372.104919] cfg80211:   (5170000 KHz - 5250000 KHz @ 80000 KHz, 160000 KHz AUTO), (N/A, 2000 mBm), (N/A)
Nov 17 10:40:32 K kernel: [ 5372.104926] cfg80211:   (5250000 KHz - 5330000 KHz @ 80000 KHz, 160000 KHz AUTO), (N/A, 2000 mBm), (0 s)
Nov 17 10:40:32 K kernel: [ 5372.104932] cfg80211:   (5490000 KHz - 5730000 KHz @ 160000 KHz), (N/A, 2000 mBm), (0 s)
Nov 17 10:40:32 K kernel: [ 5372.104938] cfg80211:   (5735000 KHz - 5835000 KHz @ 80000 KHz), (N/A, 2000 mBm), (N/A)
Nov 17 10:40:32 K kernel: [ 5372.104943] cfg80211:   (57240000 KHz - 63720000 KHz @ 2160000 KHz), (N/A, 0 mBm), (N/A)
Nov 17 10:40:32 K NetworkManager[587]: <info> (wlan0): supplicant interface state: disconnected -> scanning
Nov 17 10:40:33 K wpa_supplicant[783]: wlan0: SME: Trying to authenticate with c8:3a:35:1a:bb:e0 (SSID='0312-5054118' freq=2412 MHz)
Nov 17 10:40:33 K kernel: [ 5373.343153] wlan0: authenticate with c8:3a:35:1a:bb:e0
Nov 17 10:40:33 K NetworkManager[587]: <info> (wlan0): supplicant interface state: scanning -> authenticating
Nov 17 10:40:33 K kernel: [ 5373.362083] wlan0: send auth to c8:3a:35:1a:bb:e0 (try 1/3)
Nov 17 10:40:33 K kernel: [ 5373.465643] wlan0: send auth to c8:3a:35:1a:bb:e0 (try 2/3)
Nov 17 10:40:33 K wpa_supplicant[783]: wlan0: Trying to associate with c8:3a:35:1a:bb:e0 (SSID='0312-5054118' freq=2412 MHz)
Nov 17 10:40:33 K kernel: [ 5373.474190] wlan0: authenticated
Nov 17 10:40:33 K kernel: [ 5373.477609] wlan0: associate with c8:3a:35:1a:bb:e0 (try 1/3)
Nov 17 10:40:33 K NetworkManager[587]: <info> (wlan0): supplicant interface state: authenticating -> associating
Nov 17 10:40:33 K wpa_supplicant[783]: wlan0: Associated with c8:3a:35:1a:bb:e0
Nov 17 10:40:33 K kernel: [ 5373.480741] wlan0: RX AssocResp from c8:3a:35:1a:bb:e0 (capab=0x411 status=0 aid=4)
Nov 17 10:40:33 K kernel: [ 5373.480929] wlan0: associated
Nov 17 10:40:33 K NetworkManager[587]: <info> (wlan0): supplicant interface state: associating -> associated
Nov 17 10:40:33 K NetworkManager[587]: <info> (wlan0): supplicant interface state: associated -> 4-way handshake
Nov 17 10:40:33 K NetworkManager[587]: <info> (wlan0): supplicant interface state: 4-way handshake -> group handshake
Nov 17 10:40:33 K wpa_supplicant[783]: wlan0: WPA: Key negotiation completed with c8:3a:35:1a:bb:e0 [PTK=CCMP GTK=CCMP]
Nov 17 10:40:33 K wpa_supplicant[783]: wlan0: CTRL-EVENT-CONNECTED - Connection to c8:3a:35:1a:bb:e0 completed [id=0 id_str=]
Nov 17 10:40:33 K NetworkManager[587]: <info> (wlan0): supplicant interface state: group handshake -> completed
Nov 17 10:41:06 K kernel: [ 5406.558207] wlan0: Connection to AP c8:3a:35:1a:bb:e0 lost
Nov 17 10:41:06 K wpa_supplicant[783]: wlan0: CTRL-EVENT-DISCONNECTED bssid=c8:3a:35:1a:bb:e0 reason=4 locally_generated=1
Nov 17 10:41:07 K NetworkManager[587]: <warn> Connection disconnected (reason -4)
Nov 17 10:41:07 K kernel: [ 5406.619346] cfg80211: Calling CRDA to update world regulatory domain
Nov 17 10:41:07 K wpa_supplicant[783]: wlan0: CTRL-EVENT-REGDOM-CHANGE init=CORE type=WORLD
Nov 17 10:41:07 K NetworkManager[587]: <info> (wlan0): supplicant interface state: completed -> disconnected
Nov 17 10:41:07 K kernel: [ 5406.625173] cfg80211: World regulatory domain updated:
Nov 17 10:41:07 K kernel: [ 5406.625180] cfg80211:  DFS Master region: unset
Nov 17 10:41:07 K kernel: [ 5406.625183] cfg80211:   (start_freq - end_freq @ bandwidth), (max_antenna_gain, max_eirp), (dfs_cac_time)
Nov 17 10:41:07 K kernel: [ 5406.625189] cfg80211:   (2402000 KHz - 2472000 KHz @ 40000 KHz), (N/A, 2000 mBm), (N/A)
Nov 17 10:41:07 K kernel: [ 5406.625194] cfg80211:   (2457000 KHz - 2482000 KHz @ 40000 KHz), (N/A, 2000 mBm), (N/A)
Nov 17 10:41:07 K kernel: [ 5406.625198] cfg80211:   (2474000 KHz - 2494000 KHz @ 20000 KHz), (N/A, 2000 mBm), (N/A)
Nov 17 10:41:07 K kernel: [ 5406.625203] cfg80211:   (5170000 KHz - 5250000 KHz @ 80000 KHz, 160000 KHz AUTO), (N/A, 2000 mBm), (N/A)
Nov 17 10:41:07 K kernel: [ 5406.625208] cfg80211:   (5250000 KHz - 5330000 KHz @ 80000 KHz, 160000 KHz AUTO), (N/A, 2000 mBm), (0 s)
Nov 17 10:41:07 K kernel: [ 5406.625212] cfg80211:   (5490000 KHz - 5730000 KHz @ 160000 KHz), (N/A, 2000 mBm), (0 s)
Nov 17 10:41:07 K kernel: [ 5406.625216] cfg80211:   (5735000 KHz - 5835000 KHz @ 80000 KHz), (N/A, 2000 mBm), (N/A)
Nov 17 10:41:07 K kernel: [ 5406.625220] cfg80211:   (57240000 KHz - 63720000 KHz @ 2160000 KHz), (N/A, 0 mBm), (N/A)
Nov 17 10:41:07 K NetworkManager[587]: <info> (wlan0): supplicant interface state: disconnected -> scanning
Nov 17 10:41:08 K wpa_supplicant[783]: wlan0: SME: Trying to authenticate with c8:3a:35:1a:bb:e0 (SSID='0312-5054118' freq=2412 MHz)
Nov 17 10:41:08 K kernel: [ 5407.872382] wlan0: authenticate with c8:3a:35:1a:bb:e0
Nov 17 10:41:08 K NetworkManager[587]: <info> (wlan0): supplicant interface state: scanning -> authenticating
Nov 17 10:41:08 K kernel: [ 5407.890716] wlan0: send auth to c8:3a:35:1a:bb:e0 (try 1/3)
Nov 17 10:41:08 K kernel: [ 5407.994306] wlan0: send auth to c8:3a:35:1a:bb:e0 (try 2/3)
Nov 17 10:41:08 K wpa_supplicant[783]: wlan0: Trying to associate with c8:3a:35:1a:bb:e0 (SSID='0312-5054118' freq=2412 MHz)
Nov 17 10:41:08 K kernel: [ 5408.020562] wlan0: authenticated
Nov 17 10:41:08 K kernel: [ 5408.022250] wlan0: associate with c8:3a:35:1a:bb:e0 (try 1/3)
Nov 17 10:41:08 K NetworkManager[587]: <info> (wlan0): supplicant interface state: authenticating -> associating
Nov 17 10:41:08 K wpa_supplicant[783]: wlan0: Associated with c8:3a:35:1a:bb:e0
Nov 17 10:41:08 K kernel: [ 5408.029341] wlan0: RX AssocResp from c8:3a:35:1a:bb:e0 (capab=0x411 status=0 aid=4)
Nov 17 10:41:08 K kernel: [ 5408.029524] wlan0: associated
Nov 17 10:41:08 K NetworkManager[587]: <info> (wlan0): supplicant interface state: associating -> associated
Nov 17 10:41:08 K NetworkManager[587]: <info> (wlan0): supplicant interface state: associated -> 4-way handshake
Nov 17 10:41:08 K NetworkManager[587]: <info> (wlan0): supplicant interface state: 4-way handshake -> group handshake
Nov 17 10:41:08 K wpa_supplicant[783]: wlan0: WPA: Key negotiation completed with c8:3a:35:1a:bb:e0 [PTK=CCMP GTK=CCMP]
Nov 17 10:41:08 K wpa_supplicant[783]: wlan0: CTRL-EVENT-CONNECTED - Connection to c8:3a:35:1a:bb:e0 completed [id=0 id_str=]
Nov 17 10:41:08 K NetworkManager[587]: <info> (wlan0): supplicant interface state: group handshake -> completed
Nov 17 10:45:25 K kernel: [ 5665.409256] wlan0: Connection to AP c8:3a:35:1a:bb:e0 lost
Nov 17 10:45:25 K wpa_supplicant[783]: wlan0: CTRL-EVENT-DISCONNECTED bssid=c8:3a:35:1a:bb:e0 reason=4 locally_generated=1
Nov 17 10:45:25 K NetworkManager[587]: <warn> Connection disconnected (reason -4)
Nov 17 10:45:26 K kernel: [ 5665.470203] cfg80211: Calling CRDA to update world regulatory domain
Nov 17 10:45:26 K NetworkManager[587]: <info> (wlan0): supplicant interface state: completed -> disconnected
Nov 17 10:45:26 K wpa_supplicant[783]: wlan0: CTRL-EVENT-REGDOM-CHANGE init=CORE type=WORLD
Nov 17 10:45:26 K kernel: [ 5665.476282] cfg80211: World regulatory domain updated:
Nov 17 10:45:26 K kernel: [ 5665.476289] cfg80211:  DFS Master region: unset
Nov 17 10:45:26 K kernel: [ 5665.476292] cfg80211:   (start_freq - end_freq @ bandwidth), (max_antenna_gain, max_eirp), (dfs_cac_time)
Nov 17 10:45:26 K kernel: [ 5665.476298] cfg80211:   (2402000 KHz - 2472000 KHz @ 40000 KHz), (N/A, 2000 mBm), (N/A)
Nov 17 10:45:26 K kernel: [ 5665.476302] cfg80211:   (2457000 KHz - 2482000 KHz @ 40000 KHz), (N/A, 2000 mBm), (N/A)
Nov 17 10:45:26 K kernel: [ 5665.476306] cfg80211:   (2474000 KHz - 2494000 KHz @ 20000 KHz), (N/A, 2000 mBm), (N/A)
Nov 17 10:45:26 K kernel: [ 5665.476311] cfg80211:   (5170000 KHz - 5250000 KHz @ 80000 KHz, 160000 KHz AUTO), (N/A, 2000 mBm), (N/A)
Nov 17 10:45:26 K kernel: [ 5665.476316] cfg80211:   (5250000 KHz - 5330000 KHz @ 80000 KHz, 160000 KHz AUTO), (N/A, 2000 mBm), (0 s)
Nov 17 10:45:26 K kernel: [ 5665.476320] cfg80211:   (5490000 KHz - 5730000 KHz @ 160000 KHz), (N/A, 2000 mBm), (0 s)
Nov 17 10:45:26 K kernel: [ 5665.476324] cfg80211:   (5735000 KHz - 5835000 KHz @ 80000 KHz), (N/A, 2000 mBm), (N/A)
Nov 17 10:45:26 K kernel: [ 5665.476328] cfg80211:   (57240000 KHz - 63720000 KHz @ 2160000 KHz), (N/A, 0 mBm), (N/A)
Nov 17 10:45:26 K NetworkManager[587]: <info> (wlan0): supplicant interface state: disconnected -> scanning
Nov 17 10:45:27 K wpa_supplicant[783]: wlan0: SME: Trying to authenticate with c8:3a:35:1a:bb:e0 (SSID='0312-5054118' freq=2412 MHz)
Nov 17 10:45:27 K kernel: [ 5666.727851] wlan0: authenticate with c8:3a:35:1a:bb:e0
Nov 17 10:45:27 K NetworkManager[587]: <info> (wlan0): supplicant interface state: scanning -> authenticating
Nov 17 10:45:27 K kernel: [ 5666.745717] wlan0: send auth to c8:3a:35:1a:bb:e0 (try 1/3)
Nov 17 10:45:27 K wpa_supplicant[783]: wlan0: Trying to associate with c8:3a:35:1a:bb:e0 (SSID='0312-5054118' freq=2412 MHz)
Nov 17 10:45:27 K kernel: [ 5666.751252] wlan0: authenticated
Nov 17 10:45:27 K kernel: [ 5666.753378] wlan0: associate with c8:3a:35:1a:bb:e0 (try 1/3)
Nov 17 10:45:27 K wpa_supplicant[783]: wlan0: Associated with c8:3a:35:1a:bb:e0
Nov 17 10:45:27 K kernel: [ 5666.756574] wlan0: RX AssocResp from c8:3a:35:1a:bb:e0 (capab=0x411 status=0 aid=4)
Nov 17 10:45:27 K kernel: [ 5666.756723] wlan0: associated
Nov 17 10:45:27 K NetworkManager[587]: <info> (wlan0): supplicant interface state: authenticating -> associating
Nov 17 10:45:27 K NetworkManager[587]: <info> (wlan0): supplicant interface state: associating -> associated
Nov 17 10:45:27 K NetworkManager[587]: <info> (wlan0): supplicant interface state: associated -> 4-way handshake
Nov 17 10:45:27 K NetworkManager[587]: <info> (wlan0): supplicant interface state: 4-way handshake -> group handshake
Nov 17 10:45:27 K wpa_supplicant[783]: wlan0: WPA: Key negotiation completed with c8:3a:35:1a:bb:e0 [PTK=CCMP GTK=CCMP]
Nov 17 10:45:27 K wpa_supplicant[783]: wlan0: CTRL-EVENT-CONNECTED - Connection to c8:3a:35:1a:bb:e0 completed [id=0 id_str=]
Nov 17 10:45:27 K NetworkManager[587]: <info> (wlan0): supplicant interface state: group handshake -> completed
Nov 17 11:01:17 K kernel: [ 6616.771089] wlan0: deauthenticated from c8:3a:35:1a:bb:e0 (Reason: 7=CLASS3_FRAME_FROM_NONASSOC_STA)
Nov 17 11:01:17 K wpa_supplicant[783]: wlan0: CTRL-EVENT-DISCONNECTED bssid=c8:3a:35:1a:bb:e0 reason=7
Nov 17 11:01:17 K NetworkManager[587]: <info> (wlan0): roamed from BSSID C8:3A:35:1A:BB:E0 (0312-5054118) to (none) ((none))
Nov 17 11:01:17 K wpa_supplicant[783]: wlan0: SME: Trying to authenticate with c8:3a:35:1a:bb:e0 (SSID='0312-5054118' freq=2412 MHz)
Nov 17 11:01:17 K kernel: [ 6616.791476] cfg80211: Calling CRDA to update world regulatory domain
Nov 17 11:01:17 K kernel: [ 6616.792419] wlan0: authenticate with c8:3a:35:1a:bb:e0
Nov 17 11:01:17 K wpa_supplicant[783]: wlan0: CTRL-EVENT-REGDOM-CHANGE init=CORE type=WORLD
Nov 17 11:01:17 K wpa_supplicant[783]: wlan0: Trying to associate with c8:3a:35:1a:bb:e0 (SSID='0312-5054118' freq=2412 MHz)
Nov 17 11:01:17 K kernel: [ 6616.802578] wlan0: send auth to c8:3a:35:1a:bb:e0 (try 1/3)
Nov 17 11:01:17 K kernel: [ 6616.802876] cfg80211: World regulatory domain updated:
Nov 17 11:01:17 K kernel: [ 6616.802878] cfg80211:  DFS Master region: unset
Nov 17 11:01:17 K kernel: [ 6616.802880] cfg80211:   (start_freq - end_freq @ bandwidth), (max_antenna_gain, max_eirp), (dfs_cac_time)
Nov 17 11:01:17 K kernel: [ 6616.802883] cfg80211:   (2402000 KHz - 2472000 KHz @ 40000 KHz), (N/A, 2000 mBm), (N/A)
Nov 17 11:01:17 K kernel: [ 6616.802885] cfg80211:   (2457000 KHz - 2482000 KHz @ 40000 KHz), (N/A, 2000 mBm), (N/A)
Nov 17 11:01:17 K kernel: [ 6616.802886] cfg80211:   (2474000 KHz - 2494000 KHz @ 20000 KHz), (N/A, 2000 mBm), (N/A)
Nov 17 11:01:17 K kernel: [ 6616.802889] cfg80211:   (5170000 KHz - 5250000 KHz @ 80000 KHz, 160000 KHz AUTO), (N/A, 2000 mBm), (N/A)
Nov 17 11:01:17 K kernel: [ 6616.802892] cfg80211:   (5250000 KHz - 5330000 KHz @ 80000 KHz, 160000 KHz AUTO), (N/A, 2000 mBm), (0 s)
Nov 17 11:01:17 K kernel: [ 6616.802894] cfg80211:   (5490000 KHz - 5730000 KHz @ 160000 KHz), (N/A, 2000 mBm), (0 s)
Nov 17 11:01:17 K kernel: [ 6616.802896] cfg80211:   (5735000 KHz - 5835000 KHz @ 80000 KHz), (N/A, 2000 mBm), (N/A)
Nov 17 11:01:17 K kernel: [ 6616.802899] cfg80211:   (57240000 KHz - 63720000 KHz @ 2160000 KHz), (N/A, 0 mBm), (N/A)
Nov 17 11:01:17 K kernel: [ 6616.804071] wlan0: authenticated
Nov 17 11:01:17 K kernel: [ 6616.804748] wlan0: associate with c8:3a:35:1a:bb:e0 (try 1/3)
Nov 17 11:01:17 K NetworkManager[587]: <warn> Connection disconnected (reason 7)
Nov 17 11:01:17 K NetworkManager[587]: <info> (wlan0): supplicant interface state: completed -> authenticating
Nov 17 11:01:17 K wpa_supplicant[783]: wlan0: Associated with c8:3a:35:1a:bb:e0
Nov 17 11:01:17 K kernel: [ 6616.807914] wlan0: RX AssocResp from c8:3a:35:1a:bb:e0 (capab=0x411 status=0 aid=4)
Nov 17 11:01:17 K kernel: [ 6616.808103] wlan0: associated
Nov 17 11:01:17 K NetworkManager[587]: <info> (wlan0): supplicant interface state: authenticating -> associated
Nov 17 11:01:17 K NetworkManager[587]: <info> (wlan0): supplicant interface state: associated -> 4-way handshake
Nov 17 11:01:17 K NetworkManager[587]: <info> (wlan0): supplicant interface state: 4-way handshake -> group handshake
Nov 17 11:01:17 K wpa_supplicant[783]: wlan0: WPA: Key negotiation completed with c8:3a:35:1a:bb:e0 [PTK=CCMP GTK=CCMP]
Nov 17 11:01:17 K wpa_supplicant[783]: wlan0: CTRL-EVENT-CONNECTED - Connection to c8:3a:35:1a:bb:e0 completed [id=0 id_str=]
Nov 17 11:01:17 K NetworkManager[587]: <info> (wlan0): supplicant interface state: group handshake -> completed
Nov 17 11:01:17 K NetworkManager[587]: <info> (wlan0): roamed from BSSID (none) ((none)) to C8:3A:35:1A:BB:E0 (0312-5054118)
Nov 17 11:17:01 K CRON[1754]: (root) CMD (   cd / && run-parts --report /etc/cron.hourly)
Nov 17 11:19:04 K kernel: [ 7683.051271] wlan0: deauthenticated from c8:3a:35:1a:bb:e0 (Reason: 7=CLASS3_FRAME_FROM_NONASSOC_STA)
Nov 17 11:19:04 K wpa_supplicant[783]: wlan0: CTRL-EVENT-DISCONNECTED bssid=c8:3a:35:1a:bb:e0 reason=7
Nov 17 11:19:04 K NetworkManager[587]: <warn> Connection disconnected (reason 7)
Nov 17 11:19:04 K wpa_supplicant[783]: wlan0: SME: Trying to authenticate with c8:3a:35:1a:bb:e0 (SSID='0312-5054118' freq=2412 MHz)
Nov 17 11:19:04 K kernel: [ 7683.135408] cfg80211: Calling CRDA to update world regulatory domain
Nov 17 11:19:04 K wpa_supplicant[783]: wlan0: CTRL-EVENT-REGDOM-CHANGE init=CORE type=WORLD
Nov 17 11:19:04 K NetworkManager[587]: <info> (wlan0): supplicant interface state: completed -> authenticating
Nov 17 11:19:04 K kernel: [ 7683.141393] cfg80211: World regulatory domain updated:
Nov 17 11:19:04 K kernel: [ 7683.141400] cfg80211:  DFS Master region: unset
Nov 17 11:19:04 K kernel: [ 7683.141403] cfg80211:   (start_freq - end_freq @ bandwidth), (max_antenna_gain, max_eirp), (dfs_cac_time)
Nov 17 11:19:04 K kernel: [ 7683.141409] cfg80211:   (2402000 KHz - 2472000 KHz @ 40000 KHz), (N/A, 2000 mBm), (N/A)
Nov 17 11:19:04 K kernel: [ 7683.141414] cfg80211:   (2457000 KHz - 2482000 KHz @ 40000 KHz), (N/A, 2000 mBm), (N/A)
Nov 17 11:19:04 K kernel: [ 7683.141417] cfg80211:   (2474000 KHz - 2494000 KHz @ 20000 KHz), (N/A, 2000 mBm), (N/A)
Nov 17 11:19:04 K kernel: [ 7683.141423] cfg80211:   (5170000 KHz - 5250000 KHz @ 80000 KHz, 160000 KHz AUTO), (N/A, 2000 mBm), (N/A)
Nov 17 11:19:04 K kernel: [ 7683.141428] cfg80211:   (5250000 KHz - 5330000 KHz @ 80000 KHz, 160000 KHz AUTO), (N/A, 2000 mBm), (0 s)
Nov 17 11:19:04 K kernel: [ 7683.141432] cfg80211:   (5490000 KHz - 5730000 KHz @ 160000 KHz), (N/A, 2000 mBm), (0 s)
Nov 17 11:19:04 K kernel: [ 7683.141436] cfg80211:   (5735000 KHz - 5835000 KHz @ 80000 KHz), (N/A, 2000 mBm), (N/A)
Nov 17 11:19:04 K kernel: [ 7683.141440] cfg80211:   (57240000 KHz - 63720000 KHz @ 2160000 KHz), (N/A, 0 mBm), (N/A)
Nov 17 11:19:04 K kernel: [ 7683.163269] wlan0: authenticate with c8:3a:35:1a:bb:e0
Nov 17 11:19:04 K kernel: [ 7683.173431] wlan0: send auth to c8:3a:35:1a:bb:e0 (try 1/3)
Nov 17 11:19:04 K wpa_supplicant[783]: wlan0: Trying to associate with c8:3a:35:1a:bb:e0 (SSID='0312-5054118' freq=2412 MHz)
Nov 17 11:19:04 K kernel: [ 7683.175176] wlan0: authenticated
Nov 17 11:19:04 K kernel: [ 7683.179112] wlan0: associate with c8:3a:35:1a:bb:e0 (try 1/3)
Nov 17 11:19:04 K NetworkManager[587]: <info> (wlan0): supplicant interface state: authenticating -> associating
Nov 17 11:19:04 K wpa_supplicant[783]: wlan0: Associated with c8:3a:35:1a:bb:e0
Nov 17 11:19:04 K kernel: [ 7683.182283] wlan0: RX AssocResp from c8:3a:35:1a:bb:e0 (capab=0x411 status=0 aid=4)
Nov 17 11:19:04 K kernel: [ 7683.182481] wlan0: associated
Nov 17 11:19:04 K NetworkManager[587]: <info> (wlan0): supplicant interface state: associating -> associated
Nov 17 11:19:04 K NetworkManager[587]: <info> (wlan0): supplicant interface state: associated -> 4-way handshake
Nov 17 11:19:04 K NetworkManager[587]: <info> (wlan0): supplicant interface state: 4-way handshake -> group handshake
Nov 17 11:19:04 K wpa_supplicant[783]: wlan0: WPA: Key negotiation completed with c8:3a:35:1a:bb:e0 [PTK=CCMP GTK=CCMP]
Nov 17 11:19:04 K wpa_supplicant[783]: wlan0: CTRL-EVENT-CONNECTED - Connection to c8:3a:35:1a:bb:e0 completed [id=0 id_str=]
Nov 17 11:19:04 K NetworkManager[587]: <info> (wlan0): supplicant interface state: group handshake -> completed
Nov 17 11:32:07 K kernel: [ 8465.612651] wlan0: deauthenticated from c8:3a:35:1a:bb:e0 (Reason: 7=CLASS3_FRAME_FROM_NONASSOC_STA)
Nov 17 11:32:07 K wpa_supplicant[783]: wlan0: CTRL-EVENT-DISCONNECTED bssid=c8:3a:35:1a:bb:e0 reason=7
Nov 17 11:32:07 K NetworkManager[587]: <warn> Connection disconnected (reason 7)
Nov 17 11:32:07 K wpa_supplicant[783]: wlan0: SME: Trying to authenticate with c8:3a:35:1a:bb:e0 (SSID='0312-5054118' freq=2412 MHz)
Nov 17 11:32:07 K kernel: [ 8465.692615] cfg80211: Calling CRDA to update world regulatory domain
Nov 17 11:32:07 K kernel: [ 8465.695934] cfg80211: World regulatory domain updated:
Nov 17 11:32:07 K kernel: [ 8465.695937] cfg80211:  DFS Master region: unset
Nov 17 11:32:07 K kernel: [ 8465.695939] cfg80211:   (start_freq - end_freq @ bandwidth), (max_antenna_gain, max_eirp), (dfs_cac_time)
Nov 17 11:32:07 K kernel: [ 8465.695941] cfg80211:   (2402000 KHz - 2472000 KHz @ 40000 KHz), (N/A, 2000 mBm), (N/A)
Nov 17 11:32:07 K kernel: [ 8465.695943] cfg80211:   (2457000 KHz - 2482000 KHz @ 40000 KHz), (N/A, 2000 mBm), (N/A)
Nov 17 11:32:07 K kernel: [ 8465.695944] cfg80211:   (2474000 KHz - 2494000 KHz @ 20000 KHz), (N/A, 2000 mBm), (N/A)
Nov 17 11:32:07 K kernel: [ 8465.695946] cfg80211:   (5170000 KHz - 5250000 KHz @ 80000 KHz, 160000 KHz AUTO), (N/A, 2000 mBm), (N/A)
Nov 17 11:32:07 K kernel: [ 8465.695948] cfg80211:   (5250000 KHz - 5330000 KHz @ 80000 KHz, 160000 KHz AUTO), (N/A, 2000 mBm), (0 s)
Nov 17 11:32:07 K kernel: [ 8465.695949] cfg80211:   (5490000 KHz - 5730000 KHz @ 160000 KHz), (N/A, 2000 mBm), (0 s)
Nov 17 11:32:07 K kernel: [ 8465.695951] cfg80211:   (5735000 KHz - 5835000 KHz @ 80000 KHz), (N/A, 2000 mBm), (N/A)
Nov 17 11:32:07 K kernel: [ 8465.695952] cfg80211:   (57240000 KHz - 63720000 KHz @ 2160000 KHz), (N/A, 0 mBm), (N/A)
Nov 17 11:32:07 K wpa_supplicant[783]: wlan0: CTRL-EVENT-REGDOM-CHANGE init=CORE type=WORLD
Nov 17 11:32:07 K NetworkManager[587]: <info> (wlan0): supplicant interface state: completed -> authenticating
Nov 17 11:32:07 K kernel: [ 8465.720770] wlan0: authenticate with c8:3a:35:1a:bb:e0
Nov 17 11:32:07 K kernel: [ 8465.730911] wlan0: send auth to c8:3a:35:1a:bb:e0 (try 1/3)
Nov 17 11:32:07 K wpa_supplicant[783]: wlan0: Trying to associate with c8:3a:35:1a:bb:e0 (SSID='0312-5054118' freq=2412 MHz)
Nov 17 11:32:07 K kernel: [ 8465.734143] wlan0: authenticated
Nov 17 11:32:07 K kernel: [ 8465.736547] wlan0: associate with c8:3a:35:1a:bb:e0 (try 1/3)
Nov 17 11:32:07 K NetworkManager[587]: <info> (wlan0): supplicant interface state: authenticating -> associating
Nov 17 11:32:07 K wpa_supplicant[783]: wlan0: Associated with c8:3a:35:1a:bb:e0
Nov 17 11:32:07 K kernel: [ 8465.740507] wlan0: RX AssocResp from c8:3a:35:1a:bb:e0 (capab=0x411 status=0 aid=4)
Nov 17 11:32:07 K kernel: [ 8465.740651] wlan0: associated
Nov 17 11:32:07 K NetworkManager[587]: <info> (wlan0): supplicant interface state: associating -> associated
Nov 17 11:32:07 K NetworkManager[587]: <info> (wlan0): supplicant interface state: associated -> 4-way handshake
Nov 17 11:32:07 K NetworkManager[587]: <info> (wlan0): supplicant interface state: 4-way handshake -> group handshake
Nov 17 11:32:07 K wpa_supplicant[783]: wlan0: WPA: Key negotiation completed with c8:3a:35:1a:bb:e0 [PTK=CCMP GTK=CCMP]
Nov 17 11:32:07 K wpa_supplicant[783]: wlan0: CTRL-EVENT-CONNECTED - Connection to c8:3a:35:1a:bb:e0 completed [id=0 id_str=]
Nov 17 11:32:07 K NetworkManager[587]: <info> (wlan0): supplicant interface state: group handshake -> completed
Nov 17 11:32:39 K kernel: [ 8497.347112] perf interrupt took too long (2518 > 2500), lowering kernel.perf_event_max_sample_rate to 50000
Nov 17 11:33:49 K kernel: [ 8567.574189] wlan0: deauthenticated from c8:3a:35:1a:bb:e0 (Reason: 7=CLASS3_FRAME_FROM_NONASSOC_STA)
Nov 17 11:33:49 K wpa_supplicant[783]: wlan0: CTRL-EVENT-DISCONNECTED bssid=c8:3a:35:1a:bb:e0 reason=7
Nov 17 11:33:49 K NetworkManager[587]: <warn> Connection disconnected (reason 7)
Nov 17 11:33:49 K wpa_supplicant[783]: wlan0: SME: Trying to authenticate with c8:3a:35:1a:bb:e0 (SSID='0312-5054118' freq=2412 MHz)
Nov 17 11:33:49 K kernel: [ 8567.627544] cfg80211: Calling CRDA to update world regulatory domain
Nov 17 11:33:49 K wpa_supplicant[783]: wlan0: CTRL-EVENT-REGDOM-CHANGE init=CORE type=WORLD
Nov 17 11:33:49 K NetworkManager[587]: <info> (wlan0): supplicant interface state: completed -> authenticating
Nov 17 11:33:49 K kernel: [ 8567.633630] cfg80211: World regulatory domain updated:
Nov 17 11:33:49 K kernel: [ 8567.633640] cfg80211:  DFS Master region: unset
Nov 17 11:33:49 K kernel: [ 8567.633644] cfg80211:   (start_freq - end_freq @ bandwidth), (max_antenna_gain, max_eirp), (dfs_cac_time)
Nov 17 11:33:49 K kernel: [ 8567.633651] cfg80211:   (2402000 KHz - 2472000 KHz @ 40000 KHz), (N/A, 2000 mBm), (N/A)
Nov 17 11:33:49 K kernel: [ 8567.633656] cfg80211:   (2457000 KHz - 2482000 KHz @ 40000 KHz), (N/A, 2000 mBm), (N/A)
Nov 17 11:33:49 K kernel: [ 8567.633662] cfg80211:   (2474000 KHz - 2494000 KHz @ 20000 KHz), (N/A, 2000 mBm), (N/A)
Nov 17 11:33:49 K kernel: [ 8567.633669] cfg80211:   (5170000 KHz - 5250000 KHz @ 80000 KHz, 160000 KHz AUTO), (N/A, 2000 mBm), (N/A)
Nov 17 11:33:49 K kernel: [ 8567.633675] cfg80211:   (5250000 KHz - 5330000 KHz @ 80000 KHz, 160000 KHz AUTO), (N/A, 2000 mBm), (0 s)
Nov 17 11:33:49 K kernel: [ 8567.633681] cfg80211:   (5490000 KHz - 5730000 KHz @ 160000 KHz), (N/A, 2000 mBm), (0 s)
Nov 17 11:33:49 K kernel: [ 8567.633686] cfg80211:   (5735000 KHz - 5835000 KHz @ 80000 KHz), (N/A, 2000 mBm), (N/A)
Nov 17 11:33:49 K kernel: [ 8567.633692] cfg80211:   (57240000 KHz - 63720000 KHz @ 2160000 KHz), (N/A, 0 mBm), (N/A)
Nov 17 11:33:49 K kernel: [ 8567.655551] wlan0: authenticate with c8:3a:35:1a:bb:e0
Nov 17 11:33:49 K kernel: [ 8567.665766] wlan0: send auth to c8:3a:35:1a:bb:e0 (try 1/3)
Nov 17 11:33:49 K kernel: [ 8567.667317] wlan0: authenticated
Nov 17 11:33:49 K wpa_supplicant[783]: wlan0: Trying to associate with c8:3a:35:1a:bb:e0 (SSID='0312-5054118' freq=2412 MHz)
Nov 17 11:33:49 K NetworkManager[587]: <info> (wlan0): supplicant interface state: authenticating -> associating
Nov 17 11:33:49 K wpa_supplicant[783]: wlan0: Associated with c8:3a:35:1a:bb:e0
Nov 17 11:33:49 K kernel: [ 8567.671385] wlan0: associate with c8:3a:35:1a:bb:e0 (try 1/3)
Nov 17 11:33:49 K kernel: [ 8567.674528] wlan0: RX AssocResp from c8:3a:35:1a:bb:e0 (capab=0x411 status=0 aid=4)
Nov 17 11:33:49 K kernel: [ 8567.674727] wlan0: associated
Nov 17 11:33:49 K NetworkManager[587]: <info> (wlan0): supplicant interface state: associating -> associated
Nov 17 11:33:49 K NetworkManager[587]: <info> (wlan0): supplicant interface state: associated -> 4-way handshake
Nov 17 11:33:49 K NetworkManager[587]: <info> (wlan0): supplicant interface state: 4-way handshake -> group handshake
Nov 17 11:33:49 K wpa_supplicant[783]: wlan0: WPA: Key negotiation completed with c8:3a:35:1a:bb:e0 [PTK=CCMP GTK=CCMP]
Nov 17 11:33:49 K wpa_supplicant[783]: wlan0: CTRL-EVENT-CONNECTED - Connection to c8:3a:35:1a:bb:e0 completed [id=0 id_str=]
Nov 17 11:33:49 K NetworkManager[587]: <info> (wlan0): supplicant interface state: group handshake -> completed
Nov 17 11:36:38 K kernel: [ 8736.492945] wlan0: deauthenticated from c8:3a:35:1a:bb:e0 (Reason: 7=CLASS3_FRAME_FROM_NONASSOC_STA)
Nov 17 11:36:38 K wpa_supplicant[783]: wlan0: CTRL-EVENT-DISCONNECTED bssid=c8:3a:35:1a:bb:e0 reason=7
Nov 17 11:36:38 K NetworkManager[587]: <warn> Connection disconnected (reason 7)
Nov 17 11:36:38 K wpa_supplicant[783]: wlan0: SME: Trying to authenticate with c8:3a:35:1a:bb:e0 (SSID='0312-5054118' freq=2412 MHz)
Nov 17 11:36:38 K kernel: [ 8736.564906] cfg80211: Calling CRDA to update world regulatory domain
Nov 17 11:36:38 K wpa_supplicant[783]: wlan0: CTRL-EVENT-REGDOM-CHANGE init=CORE type=WORLD
Nov 17 11:36:38 K NetworkManager[587]: <info> (wlan0): supplicant interface state: completed -> authenticating
Nov 17 11:36:38 K kernel: [ 8736.570599] cfg80211: World regulatory domain updated:
Nov 17 11:36:38 K kernel: [ 8736.570606] cfg80211:  DFS Master region: unset
Nov 17 11:36:38 K kernel: [ 8736.570609] cfg80211:   (start_freq - end_freq @ bandwidth), (max_antenna_gain, max_eirp), (dfs_cac_time)
Nov 17 11:36:38 K kernel: [ 8736.570614] cfg80211:   (2402000 KHz - 2472000 KHz @ 40000 KHz), (N/A, 2000 mBm), (N/A)
Nov 17 11:36:38 K kernel: [ 8736.570619] cfg80211:   (2457000 KHz - 2482000 KHz @ 40000 KHz), (N/A, 2000 mBm), (N/A)
Nov 17 11:36:38 K kernel: [ 8736.570623] cfg80211:   (2474000 KHz - 2494000 KHz @ 20000 KHz), (N/A, 2000 mBm), (N/A)
Nov 17 11:36:38 K kernel: [ 8736.570628] cfg80211:   (5170000 KHz - 5250000 KHz @ 80000 KHz, 160000 KHz AUTO), (N/A, 2000 mBm), (N/A)
Nov 17 11:36:38 K kernel: [ 8736.570633] cfg80211:   (5250000 KHz - 5330000 KHz @ 80000 KHz, 160000 KHz AUTO), (N/A, 2000 mBm), (0 s)
Nov 17 11:36:38 K kernel: [ 8736.570637] cfg80211:   (5490000 KHz - 5730000 KHz @ 160000 KHz), (N/A, 2000 mBm), (0 s)
Nov 17 11:36:38 K kernel: [ 8736.570641] cfg80211:   (5735000 KHz - 5835000 KHz @ 80000 KHz), (N/A, 2000 mBm), (N/A)
Nov 17 11:36:38 K kernel: [ 8736.570645] cfg80211:   (57240000 KHz - 63720000 KHz @ 2160000 KHz), (N/A, 0 mBm), (N/A)
Nov 17 11:36:38 K kernel: [ 8736.592968] wlan0: authenticate with c8:3a:35:1a:bb:e0
Nov 17 11:36:38 K kernel: [ 8736.603127] wlan0: send auth to c8:3a:35:1a:bb:e0 (try 1/3)
Nov 17 11:36:38 K kernel: [ 8736.604685] wlan0: authenticated
Nov 17 11:36:38 K wpa_supplicant[783]: wlan0: Trying to associate with c8:3a:35:1a:bb:e0 (SSID='0312-5054118' freq=2412 MHz)
Nov 17 11:36:38 K NetworkManager[587]: <info> (wlan0): supplicant interface state: authenticating -> associating
Nov 17 11:36:38 K wpa_supplicant[783]: wlan0: Associated with c8:3a:35:1a:bb:e0
Nov 17 11:36:38 K kernel: [ 8736.608826] wlan0: associate with c8:3a:35:1a:bb:e0 (try 1/3)
Nov 17 11:36:38 K kernel: [ 8736.611968] wlan0: RX AssocResp from c8:3a:35:1a:bb:e0 (capab=0x411 status=0 aid=4)
Nov 17 11:36:38 K kernel: [ 8736.612134] wlan0: associated
Nov 17 11:36:38 K NetworkManager[587]: <info> (wlan0): supplicant interface state: associating -> associated
Nov 17 11:36:38 K NetworkManager[587]: <info> (wlan0): supplicant interface state: associated -> 4-way handshake
Nov 17 11:36:38 K NetworkManager[587]: <info> (wlan0): supplicant interface state: 4-way handshake -> group handshake
Nov 17 11:36:38 K wpa_supplicant[783]: wlan0: WPA: Key negotiation completed with c8:3a:35:1a:bb:e0 [PTK=CCMP GTK=CCMP]
Nov 17 11:36:38 K wpa_supplicant[783]: wlan0: CTRL-EVENT-CONNECTED - Connection to c8:3a:35:1a:bb:e0 completed [id=0 id_str=]
Nov 17 11:36:38 K NetworkManager[587]: <info> (wlan0): supplicant interface state: group handshake -> completed
Nov 17 11:45:17 K kernel: [ 9255.276619] wlan0: deauthenticated from c8:3a:35:1a:bb:e0 (Reason: 7=CLASS3_FRAME_FROM_NONASSOC_STA)
Nov 17 11:45:17 K wpa_supplicant[783]: wlan0: CTRL-EVENT-DISCONNECTED bssid=c8:3a:35:1a:bb:e0 reason=7
Nov 17 11:45:17 K NetworkManager[587]: <warn> Connection disconnected (reason 7)
Nov 17 11:45:17 K wpa_supplicant[783]: wlan0: SME: Trying to authenticate with c8:3a:35:1a:bb:e0 (SSID='0312-5054118' freq=2412 MHz)
Nov 17 11:45:17 K kernel: [ 9255.322508] cfg80211: Calling CRDA to update world regulatory domain
Nov 17 11:45:17 K kernel: [ 9255.322905] wlan0: authenticate with c8:3a:35:1a:bb:e0
Nov 17 11:45:17 K kernel: [ 9255.333084] wlan0: send auth to c8:3a:35:1a:bb:e0 (try 1/3)
Nov 17 11:45:17 K kernel: [ 9255.333446] cfg80211: World regulatory domain updated:
Nov 17 11:45:17 K kernel: [ 9255.333453] cfg80211:  DFS Master region: unset
Nov 17 11:45:17 K kernel: [ 9255.333457] cfg80211:   (start_freq - end_freq @ bandwidth), (max_antenna_gain, max_eirp), (dfs_cac_time)
Nov 17 11:45:17 K kernel: [ 9255.333465] cfg80211:   (2402000 KHz - 2472000 KHz @ 40000 KHz), (N/A, 2000 mBm), (N/A)
Nov 17 11:45:17 K kernel: [ 9255.333472] cfg80211:   (2457000 KHz - 2482000 KHz @ 40000 KHz), (N/A, 2000 mBm), (N/A)
Nov 17 11:45:17 K kernel: [ 9255.333478] cfg80211:   (2474000 KHz - 2494000 KHz @ 20000 KHz), (N/A, 2000 mBm), (N/A)
Nov 17 11:45:17 K kernel: [ 9255.333486] cfg80211:   (5170000 KHz - 5250000 KHz @ 80000 KHz, 160000 KHz AUTO), (N/A, 2000 mBm), (N/A)
Nov 17 11:45:17 K kernel: [ 9255.333494] cfg80211:   (5250000 KHz - 5330000 KHz @ 80000 KHz, 160000 KHz AUTO), (N/A, 2000 mBm), (0 s)
Nov 17 11:45:17 K kernel: [ 9255.333501] cfg80211:   (5490000 KHz - 5730000 KHz @ 160000 KHz), (N/A, 2000 mBm), (0 s)
Nov 17 11:45:17 K kernel: [ 9255.333508] cfg80211:   (5735000 KHz - 5835000 KHz @ 80000 KHz), (N/A, 2000 mBm), (N/A)
Nov 17 11:45:17 K kernel: [ 9255.333514] cfg80211:   (57240000 KHz - 63720000 KHz @ 2160000 KHz), (N/A, 0 mBm), (N/A)
Nov 17 11:45:17 K wpa_supplicant[783]: wlan0: CTRL-EVENT-REGDOM-CHANGE init=CORE type=WORLD
Nov 17 11:45:17 K NetworkManager[587]: <info> (wlan0): supplicant interface state: completed -> authenticating
Nov 17 11:45:17 K wpa_supplicant[783]: wlan0: Trying to associate with c8:3a:35:1a:bb:e0 (SSID='0312-5054118' freq=2412 MHz)
Nov 17 11:45:17 K kernel: [ 9255.338257] wlan0: authenticated
Nov 17 11:45:17 K kernel: [ 9255.342274] wlan0: associate with c8:3a:35:1a:bb:e0 (try 1/3)
Nov 17 11:45:17 K NetworkManager[587]: <info> (wlan0): supplicant interface state: authenticating -> associating
Nov 17 11:45:17 K wpa_supplicant[783]: wlan0: Associated with c8:3a:35:1a:bb:e0
Nov 17 11:45:17 K kernel: [ 9255.345421] wlan0: RX AssocResp from c8:3a:35:1a:bb:e0 (capab=0x411 status=0 aid=4)
Nov 17 11:45:17 K kernel: [ 9255.345604] wlan0: associated
Nov 17 11:45:17 K NetworkManager[587]: <info> (wlan0): supplicant interface state: associating -> associated
Nov 17 11:45:17 K NetworkManager[587]: <info> (wlan0): supplicant interface state: associated -> 4-way handshake
Nov 17 11:45:17 K NetworkManager[587]: <info> (wlan0): supplicant interface state: 4-way handshake -> group handshake
Nov 17 11:45:17 K wpa_supplicant[783]: wlan0: WPA: Key negotiation completed with c8:3a:35:1a:bb:e0 [PTK=CCMP GTK=CCMP]
Nov 17 11:45:17 K wpa_supplicant[783]: wlan0: CTRL-EVENT-CONNECTED - Connection to c8:3a:35:1a:bb:e0 completed [id=0 id_str=]
Nov 17 11:45:17 K NetworkManager[587]: <info> (wlan0): supplicant interface state: group handshake -> completed
Nov 17 11:49:55 K kernel: [ 9533.024087] wlan0: deauthenticated from c8:3a:35:1a:bb:e0 (Reason: 7=CLASS3_FRAME_FROM_NONASSOC_STA)
Nov 17 11:49:55 K wpa_supplicant[783]: wlan0: CTRL-EVENT-DISCONNECTED bssid=c8:3a:35:1a:bb:e0 reason=7
Nov 17 11:49:55 K NetworkManager[587]: <warn> Connection disconnected (reason 7)
Nov 17 11:49:55 K wpa_supplicant[783]: wlan0: SME: Trying to authenticate with c8:3a:35:1a:bb:e0 (SSID='0312-5054118' freq=2412 MHz)
Nov 17 11:49:55 K kernel: [ 9533.074725] cfg80211: Calling CRDA to update world regulatory domain
Nov 17 11:49:55 K wpa_supplicant[783]: wlan0: CTRL-EVENT-REGDOM-CHANGE init=CORE type=WORLD
Nov 17 11:49:55 K NetworkManager[587]: <info> (wlan0): supplicant interface state: completed -> authenticating
Nov 17 11:49:55 K kernel: [ 9533.080598] cfg80211: World regulatory domain updated:
Nov 17 11:49:55 K kernel: [ 9533.080605] cfg80211:  DFS Master region: unset
Nov 17 11:49:55 K kernel: [ 9533.080608] cfg80211:   (start_freq - end_freq @ bandwidth), (max_antenna_gain, max_eirp), (dfs_cac_time)
Nov 17 11:49:55 K kernel: [ 9533.080614] cfg80211:   (2402000 KHz - 2472000 KHz @ 40000 KHz), (N/A, 2000 mBm), (N/A)
Nov 17 11:49:55 K kernel: [ 9533.080618] cfg80211:   (2457000 KHz - 2482000 KHz @ 40000 KHz), (N/A, 2000 mBm), (N/A)
Nov 17 11:49:55 K kernel: [ 9533.080622] cfg80211:   (2474000 KHz - 2494000 KHz @ 20000 KHz), (N/A, 2000 mBm), (N/A)
Nov 17 11:49:55 K kernel: [ 9533.080627] cfg80211:   (5170000 KHz - 5250000 KHz @ 80000 KHz, 160000 KHz AUTO), (N/A, 2000 mBm), (N/A)
Nov 17 11:49:55 K kernel: [ 9533.080632] cfg80211:   (5250000 KHz - 5330000 KHz @ 80000 KHz, 160000 KHz AUTO), (N/A, 2000 mBm), (0 s)
Nov 17 11:49:55 K kernel: [ 9533.080636] cfg80211:   (5490000 KHz - 5730000 KHz @ 160000 KHz), (N/A, 2000 mBm), (0 s)
Nov 17 11:49:55 K kernel: [ 9533.080640] cfg80211:   (5735000 KHz - 5835000 KHz @ 80000 KHz), (N/A, 2000 mBm), (N/A)
Nov 17 11:49:55 K kernel: [ 9533.080644] cfg80211:   (57240000 KHz - 63720000 KHz @ 2160000 KHz), (N/A, 0 mBm), (N/A)
Nov 17 11:49:55 K kernel: [ 9533.102650] wlan0: authenticate with c8:3a:35:1a:bb:e0
Nov 17 11:49:55 K kernel: [ 9533.112808] wlan0: send auth to c8:3a:35:1a:bb:e0 (try 1/3)
Nov 17 11:49:55 K kernel: [ 9533.114421] wlan0: authenticated
Nov 17 11:49:55 K wpa_supplicant[783]: wlan0: Trying to associate with c8:3a:35:1a:bb:e0 (SSID='0312-5054118' freq=2412 MHz)
Nov 17 11:49:55 K kernel: [ 9533.118455] wlan0: associate with c8:3a:35:1a:bb:e0 (try 1/3)
Nov 17 11:49:55 K NetworkManager[587]: <info> (wlan0): supplicant interface state: authenticating -> associating
Nov 17 11:49:55 K wpa_supplicant[783]: wlan0: Associated with c8:3a:35:1a:bb:e0
Nov 17 11:49:55 K kernel: [ 9533.125287] wlan0: RX AssocResp from c8:3a:35:1a:bb:e0 (capab=0x411 status=0 aid=4)
Nov 17 11:49:55 K kernel: [ 9533.125470] wlan0: associated
Nov 17 11:49:55 K NetworkManager[587]: <info> (wlan0): supplicant interface state: associating -> associated
Nov 17 11:49:55 K NetworkManager[587]: <info> (wlan0): supplicant interface state: associated -> 4-way handshake
Nov 17 11:49:55 K NetworkManager[587]: <info> (wlan0): supplicant interface state: 4-way handshake -> group handshake
Nov 17 11:49:55 K wpa_supplicant[783]: wlan0: WPA: Key negotiation completed with c8:3a:35:1a:bb:e0 [PTK=CCMP GTK=CCMP]
Nov 17 11:49:55 K wpa_supplicant[783]: wlan0: CTRL-EVENT-CONNECTED - Connection to c8:3a:35:1a:bb:e0 completed [id=0 id_str=]
Nov 17 11:49:55 K NetworkManager[587]: <info> (wlan0): supplicant interface state: group handshake -> completed
Nov 17 11:53:03 K systemd[1]: Started Synchronise Hardware Clock to System Clock.
Nov 17 11:53:03 K systemd[1]: Stopping Session 1 of user root.
Nov 17 11:53:03 K org.a11y.Bus[2700]: g_dbus_connection_real_closed: Remote peer vanished with error: Underlying GIOStream returned 0 bytes on an async read (g-io-error-quark, 0). Exiting.
Nov 17 11:53:03 K org.a11y.atspi.Registry[2768]: g_dbus_connection_real_closed: Remote peer vanished with error: Underlying GIOStream returned 0 bytes on an async read (g-io-error-quark, 0). Exiting.
Nov 17 11:53:03 K org.gtk.vfs.Daemon[2700]: A connection to the bus can't be made
Nov 17 11:53:03 K org.gtk.vfs.Daemon[2700]: g_dbus_connection_real_closed: Remote peer vanished with error: Underlying GIOStream returned 0 bytes on an async read (g-io-error-quark, 0). Exiting.
Nov 17 11:53:03 K ca.desrt.dconf[2700]: g_dbus_connection_real_closed: Remote peer vanished with error: Underlying GIOStream returned 0 bytes on an async read (g-io-error-quark, 0). Exiting.
Nov 17 11:53:03 K org.gtk.Private.UDisks2VolumeMonitor[2700]: g_dbus_connection_real_closed: Remote peer vanished with error: Underlying GIOStream returned 0 bytes on an async read (g-io-error-quark, 0). Exiting.
Nov 17 11:53:03 K systemd[1]: Stopping Session c1 of user lightdm.
Nov 17 11:53:03 K systemd[1]: Stopping Bluetooth.
Nov 17 11:53:03 K systemd[1]: Stopped target Bluetooth.
Nov 17 11:53:03 K systemd[1]: Stopping Sound Card.
Nov 17 11:53:03 K systemd[1]: Stopped target Sound Card.
Nov 17 11:53:03 K systemd[1]: Stopping system-systemd\x2dfsck.slice.
Nov 17 11:53:03 K systemd[1]: Removed slice system-systemd\x2dfsck.slice.
Nov 17 11:53:03 K systemd[1]: Stopping Disk Manager...
Nov 17 11:53:03 K systemd[1]: Stopping Daemon for power management...
Nov 17 11:53:03 K systemd[1]: Stopping User Manager for UID 0...
Nov 17 11:53:03 K systemd[1]: Stopping User Manager for UID 116...
Nov 17 11:53:03 K systemd[1]: Stopping WPA supplicant...
Nov 17 11:53:03 K systemd[1]: Stopping Authenticate and Authorize Users to Run Privileged Tasks...
Nov 17 11:53:03 K systemd[1]: Stopping Bluetooth service...
Nov 17 11:53:03 K systemd[1]: Stopping Graphical Interface.
Nov 17 11:53:03 K kernel: [ 9720.229500] wlan0: deauthenticating from c8:3a:35:1a:bb:e0 by local choice (Reason: 3=DEAUTH_LEAVING)
Nov 17 11:53:03 K systemd[1]: Stopped target Graphical Interface.
Nov 17 11:53:03 K systemd[1]: Stopping Light Display Manager...
Nov 17 11:53:03 K systemd[1]: Stopping Multi-User System.
Nov 17 11:53:03 K rsyslogd-2007: action 'action 17' suspended, next retry is Thu Nov 17 11:53:33 2016 [try http://www.rsyslog.com/e/2007 ]
Nov 17 11:53:03 K systemd[1]: Stopped target Multi-User System.
Nov 17 11:53:03 K systemd[1]: Stopping Initialize hardware monitoring sensors...
Nov 17 11:53:03 K systemd[1]: Stopped Initialize hardware monitoring sensors.
Nov 17 11:53:03 K systemd[1]: Stopping Regular background program processing daemon...
Nov 17 11:53:03 K systemd[1]: Stopping Network Manager...
Nov 17 11:53:03 K systemd[1]: Stopping Deferred execution scheduler...
Nov 17 11:53:03 K systemd[1]: Stopping Make remote CUPS printers available locally...
Nov 17 11:53:03 K systemd[1]: Stopping Modem Manager...
Nov 17 11:53:03 K systemd[1]: Stopping Login Prompts.
Nov 17 11:53:03 K systemd[1]: Stopped target Login Prompts.
Nov 17 11:53:03 K systemd[1]: Stopping Getty on tty1...
Nov 17 11:53:03 K systemd[1]: Stopping LSB: Fast tunnel proxy that helps you bypass firewalls...
Nov 17 11:53:03 K systemd[1]: Stopping LSB: Speech Dispatcher...
Nov 17 11:53:03 K rsyslogd: [origin software="rsyslogd" swVersion="8.4.2" x-pid="674" x-info="http://www.rsyslog.com"] exiting on signal 15.
Nov 17 14:50:47 K rsyslogd: [origin software="rsyslogd" swVersion="8.4.2" x-pid="681" x-info="http://www.rsyslog.com"] start
Nov 17 14:50:47 K systemd-modules-load[179]: Inserted module 'lp'
Nov 17 14:50:47 K systemd-modules-load[179]: Inserted module 'ppdev'
Nov 17 14:50:47 K systemd-modules-load[179]: Inserted module 'parport_pc'
Nov 17 14:50:47 K systemd[1]: Started Create Static Device Nodes in /dev.
Nov 17 14:50:47 K systemd[1]: Starting udev Kernel Device Manager...
Nov 17 14:50:47 K kernel: [    0.000000] Initializing cgroup subsys cpuset
Nov 17 14:50:47 K kernel: [    0.000000] Initializing cgroup subsys cpu
Nov 17 14:50:47 K kernel: [    0.000000] Initializing cgroup subsys cpuacct
Nov 17 14:50:47 K kernel: [    0.000000] Linux version 3.16.0-4-686-pae (debian-kernel@lists.debian.org) (gcc version 4.8.4 (Debian 4.8.4-1) ) #1 SMP Debian 3.16.36-1+deb8u2 (2016-10-19)
Nov 17 14:50:47 K kernel: [    0.000000] e820: BIOS-provided physical RAM map:
Nov 17 14:50:47 K kernel: [    0.000000] BIOS-e820: [mem 0x0000000000000000-0x000000000009c3ff] usable
Nov 17 14:50:47 K systemd-modules-load[179]: Inserted module 'fuse'
Nov 17 14:50:47 K kernel: [    0.000000] BIOS-e820: [mem 0x000000000009c400-0x000000000009ffff] reserved
Nov 17 14:50:47 K kernel: [    0.000000] BIOS-e820: [mem 0x00000000000e0000-0x00000000000fffff] reserved
Nov 17 14:50:47 K systemd[1]: Started Load Kernel Modules.
Nov 17 14:50:47 K kernel: [    0.000000] BIOS-e820: [mem 0x0000000000100000-0x000000007b27bfff] usable
Nov 17 14:50:47 K systemd[1]: Mounting FUSE Control File System...
Nov 17 14:50:47 K kernel: [    0.000000] BIOS-e820: [mem 0x000000007b27c000-0x000000007b281fff] reserved
Nov 17 14:50:47 K systemd[1]: Mounted Configuration File System.
Nov 17 14:50:47 K kernel: [    0.000000] BIOS-e820: [mem 0x000000007b282000-0x000000007b3ecfff] usable
Nov 17 14:50:47 K kernel: [    0.000000] BIOS-e820: [mem 0x000000007b3ed000-0x000000007b40efff] reserved
Nov 17 14:50:47 K systemd[1]: Starting Apply Kernel Variables...
Nov 17 14:50:47 K kernel: [    0.000000] BIOS-e820: [mem 0x000000007b40f000-0x000000007b46efff] usable
Nov 17 14:50:47 K systemd[1]: Mounted FUSE Control File System.
Nov 17 14:50:47 K kernel: [    0.000000] BIOS-e820: [mem 0x000000007b46f000-0x000000007b46ffff] reserved
Nov 17 14:50:47 K systemd[1]: Started udev Kernel Device Manager.
Nov 17 14:50:47 K kernel: [    0.000000] BIOS-e820: [mem 0x000000007b470000-0x000000007b4f0fff] ACPI NVS
Nov 17 14:50:47 K systemd[1]: Starting Copy rules generated while the root was ro...
Nov 17 14:50:47 K kernel: [    0.000000] BIOS-e820: [mem 0x000000007b4f1000-0x000000007b70efff] reserved
Nov 17 14:50:47 K systemd[1]: Starting LSB: Set preliminary keymap...
Nov 17 14:50:47 K kernel: [    0.000000] BIOS-e820: [mem 0x000000007b70f000-0x000000007b716fff] usable
Nov 17 14:50:47 K kernel: [    0.000000] BIOS-e820: [mem 0x000000007b717000-0x000000007b71efff] reserved
Nov 17 14:50:47 K kernel: [    0.000000] BIOS-e820: [mem 0x000000007b71f000-0x000000007b77efff] usable
Nov 17 14:50:47 K systemd[1]: Started Apply Kernel Variables.
Nov 17 14:50:47 K kernel: [    0.000000] BIOS-e820: [mem 0x000000007b77f000-0x000000007b79efff] ACPI NVS
Nov 17 14:50:47 K kernel: [    0.000000] BIOS-e820: [mem 0x000000007b79f000-0x000000007b7e0fff] usable
Nov 17 14:50:47 K kernel: [    0.000000] BIOS-e820: [mem 0x000000007b7e1000-0x000000007b7fefff] ACPI data
Nov 17 14:50:47 K kernel: [    0.000000] BIOS-e820: [mem 0x000000007b7ff000-0x000000007b7fffff] usable
Nov 17 14:50:47 K kernel: [    0.000000] BIOS-e820: [mem 0x000000007b800000-0x000000007bffffff] reserved
Nov 17 14:50:47 K kernel: [    0.000000] BIOS-e820: [mem 0x00000000e0000000-0x00000000efffffff] reserved
Nov 17 14:50:47 K kernel: [    0.000000] BIOS-e820: [mem 0x00000000f080a000-0x00000000f080afff] reserved
Nov 17 14:50:47 K systemd[1]: Started Copy rules generated while the root was ro.
Nov 17 14:50:47 K kernel: [    0.000000] BIOS-e820: [mem 0x00000000feaff000-0x00000000feafffff] reserved
Nov 17 14:50:47 K kernel: [    0.000000] BIOS-e820: [mem 0x00000000fec00000-0x00000000fec0ffff] reserved
Nov 17 14:50:47 K kernel: [    0.000000] BIOS-e820: [mem 0x00000000fed00000-0x00000000fed003ff] reserved
Nov 17 14:50:47 K keyboard-setup[204]: Setting preliminary keymap...done.
Nov 17 14:50:47 K kernel: [    0.000000] BIOS-e820: [mem 0x00000000fed1c000-0x00000000fed8ffff] reserved
Nov 17 14:50:47 K kernel: [    0.000000] BIOS-e820: [mem 0x00000000fee00000-0x00000000fee00fff] reserved
Nov 17 14:50:47 K systemd[1]: Started LSB: Set preliminary keymap.
Nov 17 14:50:47 K kernel: [    0.000000] BIOS-e820: [mem 0x00000000ff000000-0x00000000ffffffff] reserved
Nov 17 14:50:47 K systemd[1]: Starting Remount Root and Kernel File Systems...
Nov 17 14:50:47 K kernel: [    0.000000] NX (Execute Disable) protection: active
Nov 17 14:50:47 K kernel: [    0.000000] SMBIOS 2.6 present.
Nov 17 14:50:47 K systemd[1]: Started Remount Root and Kernel File Systems.
Nov 17 14:50:47 K kernel: [    0.000000] DMI: LENOVO 0579A68/0579A68, BIOS 80ET65WW (2.05 ) 03/25/2013
Nov 17 14:50:47 K systemd[1]: Started Various fixups to make systemd work better on Debian.
Nov 17 14:50:47 K kernel: [    0.000000] e820: update [mem 0x00000000-0x00000fff] usable ==> reserved
Nov 17 14:50:47 K systemd[1]: Starting Load/Save Random Seed...
Nov 17 14:50:47 K kernel: [    0.000000] e820: remove [mem 0x000a0000-0x000fffff] usable
Nov 17 14:50:47 K kernel: [    0.000000] e820: last_pfn = 0x7b800 max_arch_pfn = 0x1000000
Nov 17 14:50:47 K kernel: [    0.000000] MTRR default type: uncachable
Nov 17 14:50:47 K kernel: [    0.000000] MTRR fixed ranges enabled:
Nov 17 14:50:47 K systemd[1]: Starting Local File Systems (Pre).
Nov 17 14:50:47 K kernel: [    0.000000]   00000-9FFFF write-back
Nov 17 14:50:47 K kernel: [    0.000000]   A0000-BFFFF uncachable
Nov 17 14:50:47 K systemd[1]: Reached target Local File Systems (Pre).
Nov 17 14:50:47 K kernel: [    0.000000]   C0000-D3FFF write-protect
Nov 17 14:50:47 K kernel: [    0.000000]   D4000-DBFFF uncachable
Nov 17 14:50:47 K systemd[1]: Started Load/Save Random Seed.
Nov 17 14:50:47 K kernel: [    0.000000]   DC000-FFFFF write-through
Nov 17 14:50:47 K systemd[1]: Found device ST320LT020-9YG142 10.
Nov 17 14:50:47 K kernel: [    0.000000] MTRR variable ranges enabled:
Nov 17 14:50:47 K systemd[1]: Activating swap /dev/disk/by-uuid/250c59e5-f986-484b-8f04-79421aaadc11...
Nov 17 14:50:47 K kernel: [    0.000000]   0 disabled
Nov 17 14:50:47 K systemd[1]: Activated swap /dev/disk/by-uuid/250c59e5-f986-484b-8f04-79421aaadc11.
Nov 17 14:50:47 K kernel: [    0.000000]   1 base 07C000000 mask FFC000000 uncachable
Nov 17 14:50:47 K systemd[1]: Starting Swap.
Nov 17 14:50:47 K kernel: [    0.000000]   2 base 000000000 mask F80000000 write-back
Nov 17 14:50:47 K systemd[1]: Reached target Swap.
Nov 17 14:50:47 K kernel: [    0.000000]   3 disabled
Nov 17 14:50:47 K kernel: [    0.000000]   4 disabled
Nov 17 14:50:47 K kernel: [    0.000000]   5 disabled
Nov 17 14:50:47 K kernel: [    0.000000]   6 disabled
Nov 17 14:50:47 K kernel: [    0.000000]   7 disabled
Nov 17 14:50:47 K kernel: [    0.000000] x86 PAT enabled: cpu 0, old 0x7040600070406, new 0x7010600070106
Nov 17 14:50:47 K mtp-probe: checking bus 2, device 3: "/sys/devices/pci0000:00/0000:00:1d.0/usb2/2-1/2-1.4"
Nov 17 14:50:47 K kernel: [    0.000000] found SMP MP-table at [mem 0x000f6760-0x000f676f] mapped at [c00f6760]
Nov 17 14:50:47 K kernel: [    0.000000] initial memory mapped: [mem 0x00000000-0x01bfffff]
Nov 17 14:50:47 K kernel: [    0.000000] Base memory trampoline at [c0098000] 98000 size 16384
Nov 17 14:50:47 K kernel: [    0.000000] init_memory_mapping: [mem 0x00000000-0x000fffff]
Nov 17 14:50:47 K kernel: [    0.000000]  [mem 0x00000000-0x000fffff] page 4k
Nov 17 14:50:47 K kernel: [    0.000000] init_memory_mapping: [mem 0x37200000-0x373fffff]
Nov 17 14:50:47 K mtp-probe: checking bus 1, device 3: "/sys/devices/pci0000:00/0000:00:1a.0/usb1/1-1/1-1.2"
Nov 17 14:50:47 K kernel: [    0.000000]  [mem 0x37200000-0x373fffff] page 2M
Nov 17 14:50:47 K mtp-probe: bus: 2, device: 3 was not an MTP device
Nov 17 14:50:47 K kernel: [    0.000000] init_memory_mapping: [mem 0x34000000-0x371fffff]
Nov 17 14:50:47 K mtp-probe: bus: 1, device: 3 was not an MTP device
Nov 17 14:50:47 K kernel: [    0.000000]  [mem 0x34000000-0x371fffff] page 2M
Nov 17 14:50:47 K systemd[1]: Starting Sound Card.
Nov 17 14:50:47 K kernel: [    0.000000] init_memory_mapping: [mem 0x00100000-0x33ffffff]
Nov 17 14:50:47 K kernel: [    0.000000]  [mem 0x00100000-0x001fffff] page 4k
Nov 17 14:50:47 K systemd[1]: Reached target Sound Card.
Nov 17 14:50:47 K kernel: [    0.000000]  [mem 0x00200000-0x33ffffff] page 2M
Nov 17 14:50:47 K systemd[1]: Starting system-systemd\x2drfkill.slice.
Nov 17 14:50:47 K kernel: [    0.000000] init_memory_mapping: [mem 0x37400000-0x375fdfff]
Nov 17 14:50:47 K systemd[1]: Created slice system-systemd\x2drfkill.slice.
Nov 17 14:50:47 K kernel: [    0.000000]  [mem 0x37400000-0x375fdfff] page 4k
Nov 17 14:50:47 K kernel: [    0.000000] BRK [0x017a1000, 0x017a1fff] PGTABLE
Nov 17 14:50:47 K kernel: [    0.000000] BRK [0x017a2000, 0x017a3fff] PGTABLE
Nov 17 14:50:47 K kernel: [    0.000000] BRK [0x017a4000, 0x017a4fff] PGTABLE
Nov 17 14:50:47 K systemd[1]: Starting Load/Save RF Kill Switch Status of rfkill0...
Nov 17 14:50:47 K kernel: [    0.000000] BRK [0x017a5000, 0x017a5fff] PGTABLE
Nov 17 14:50:47 K systemd[1]: Found device ST320LT020-9YG142 11.
Nov 17 14:50:47 K kernel: [    0.000000] RAMDISK: [mem 0x35c7a000-0x36e34fff]
Nov 17 14:50:47 K systemd[1]: Starting File System Check on /dev/disk/by-uuid/1edd40bb-54b6-4226-92ad-eec8d7e6d3a3...
Nov 17 14:50:47 K kernel: [    0.000000] ACPI: Early table checksum verification disabled
Nov 17 14:50:47 K systemd[1]: Found device ST320LT020-9YG142 .
Nov 17 14:50:47 K kernel: [    0.000000] ACPI: RSDP 0x00000000000F6410 000024 (v04 LENOVO)
Nov 17 14:50:47 K kernel: [    0.000000] ACPI: XSDT 0x000000007B7F2E91 00005C (v01 LENOVO TP-80    00002050  LTP 00000000)
Nov 17 14:50:47 K kernel: [    0.000000] ACPI: FACP 0x000000007B7E3000 0000F4 (v03 LENOVO TP-80    00002050 PTEC 00000001)
Nov 17 14:50:47 K systemd[1]: Mounting /media/root...
Nov 17 14:50:47 K kernel: [    0.000000] ACPI: DSDT 0x000000007B7E4000 00BCDD (v02 LENOVO TP-80    00002050 INTL 20050624)
Nov 17 14:50:47 K kernel: [    0.000000] ACPI: FACS 0x000000007B79BFC0 000040
Nov 17 14:50:47 K kernel: [    0.000000] ACPI: FACS 0x000000007B79BFC0 000040
Nov 17 14:50:47 K systemd[1]: media-root.mount: Directory /media/root to mount over is not empty, mounting anyway.
Nov 17 14:50:47 K kernel: [    0.000000] ACPI: HPET 0x000000007B7FED6A 000038 (v01 LENOVO TP-80    00002050 PTEC 00000001)
Nov 17 14:50:47 K kernel: [    0.000000] ACPI: MCFG 0x000000007B7FEDA2 00003C (v01 LENOVO TP-80    00002050 PTEC 00000001)
Nov 17 14:50:47 K systemd[1]: Starting Load/Save RF Kill Switch Status of rfkill1...
Nov 17 14:50:47 K kernel: [    0.000000] ACPI: APIC 0x000000007B7FEDDE 000084 (v01 LENOVO TP-80    00002050  LTP 00000000)
Nov 17 14:50:47 K systemd[1]: Started Load/Save RF Kill Switch Status of rfkill0.
Nov 17 14:50:47 K kernel: [    0.000000] ACPI: BOOT 0x000000007B7FEE62 000028 (v01 LENOVO TP-80    00002050  LTP 00000001)
Nov 17 14:50:47 K systemd[1]: Started Load/Save RF Kill Switch Status of rfkill1.
Nov 17 14:50:47 K kernel: [    0.000000] ACPI: SLIC 0x000000007B7FEE8A 000176 (v01 LENOVO TP-80    00002050  LTP 00000000)
Nov 17 14:50:47 K kernel: [    0.000000] ACPI: SSDT 0x000000007B7E2000 0009F1 (v01 PmRef  CpuPm    00003000 INTL 20050624)
Nov 17 14:50:47 K kernel: [    0.000000] ACPI: Local APIC address 0xfee00000
Nov 17 14:50:47 K kernel: [    0.000000] 1090MB HIGHMEM available.
Nov 17 14:50:47 K systemd[1]: Found device ST320LT020-9YG142 boot.
Nov 17 14:50:47 K kernel: [    0.000000] 885MB LOWMEM available.
Nov 17 14:50:47 K kernel: [    0.000000]   mapped low ram: 0 - 375fe000
Nov 17 14:50:47 K kernel: [    0.000000]   low ram: 0 - 375fe000
Nov 17 14:50:47 K systemd[1]: Starting Load/Save RF Kill Switch Status of rfkill2...
Nov 17 14:50:47 K kernel: [    0.000000] BRK [0x017a6000, 0x017a6fff] PGTABLE
Nov 17 14:50:47 K kernel: [    0.000000] Zone ranges:
Nov 17 14:50:47 K systemd[1]: Started Set Up Additional Binary Formats.
Nov 17 14:50:47 K kernel: [    0.000000]   DMA      [mem 0x00001000-0x00ffffff]
Nov 17 14:50:47 K kernel: [    0.000000]   Normal   [mem 0x01000000-0x375fdfff]
Nov 17 14:50:47 K systemd[1]: Started Various fixups to make systemd work better on Debian.
Nov 17 14:50:47 K kernel: [    0.000000]   HighMem  [mem 0x375fe000-0x7b7fffff]
Nov 17 14:50:47 K kernel: [    0.000000] Movable zone start for each node
Nov 17 14:50:47 K systemd[1]: Mounted Configuration File System.
Nov 17 14:50:47 K kernel: [    0.000000] Early memory node ranges
Nov 17 14:50:47 K kernel: [    0.000000]   node   0: [mem 0x00001000-0x0009bfff]
Nov 17 14:50:47 K systemd[1]: Started File System Check on Root Device.
Nov 17 14:50:47 K kernel: [    0.000000]   node   0: [mem 0x00100000-0x7b27bfff]
Nov 17 14:50:47 K kernel: [    0.000000]   node   0: [mem 0x7b282000-0x7b3ecfff]
Nov 17 14:50:47 K kernel: [    0.000000]   node   0: [mem 0x7b40f000-0x7b46efff]
Nov 17 14:50:47 K kernel: [    0.000000]   node   0: [mem 0x7b70f000-0x7b716fff]
Nov 17 14:50:47 K kernel: [    0.000000]   node   0: [mem 0x7b71f000-0x7b77efff]
Nov 17 14:50:47 K kernel: [    0.000000]   node   0: [mem 0x7b79f000-0x7b7e0fff]
Nov 17 14:50:47 K kernel: [    0.000000]   node   0: [mem 0x7b7ff000-0x7b7fffff]
Nov 17 14:50:47 K systemd[1]: Starting File System Check on /dev/disk/by-uuid/ea900d22-97e1-4b14-8b7d-457466a6e51f...
Nov 17 14:50:47 K kernel: [    0.000000] On node 0 totalpages: 504973
Nov 17 14:50:47 K kernel: [    0.000000] free_area_init_node: node 0, pgdat c1661280, node_mem_map f4d0a020
Nov 17 14:50:47 K kernel: [    0.000000]   DMA zone: 32 pages used for memmap
Nov 17 14:50:47 K kernel: [    0.000000]   DMA zone: 0 pages reserved
Nov 17 14:50:47 K kernel: [    0.000000]   DMA zone: 3995 pages, LIFO batch:0
Nov 17 14:50:47 K systemd[1]: Started Load/Save RF Kill Switch Status of rfkill2.
Nov 17 14:50:47 K kernel: [    0.000000]   Normal zone: 1740 pages used for memmap
Nov 17 14:50:47 K kernel: [    0.000000]   Normal zone: 222718 pages, LIFO batch:31
Nov 17 14:50:47 K kernel: [    0.000000]   HighMem zone: 2181 pages used for memmap
Nov 17 14:50:47 K kernel: [    0.000000]   HighMem zone: 278260 pages, LIFO batch:31
Nov 17 14:50:47 K kernel: [    0.000000] Using APIC driver default
Nov 17 14:50:47 K systemd-fsck[383]: boot: clean, 328/48768 files, 45015/194560 blocks
Nov 17 14:50:47 K kernel: [    0.000000] ACPI: PM-Timer IO Port: 0x408
Nov 17 14:50:47 K kernel: [    0.000000] ACPI: Local APIC address 0xfee00000
Nov 17 14:50:47 K systemd[1]: Started File System Check on /dev/disk/by-uuid/ea900d22-97e1-4b14-8b7d-457466a6e51f.
Nov 17 14:50:47 K kernel: [    0.000000] ACPI: LAPIC (acpi_id[0x00] lapic_id[0x00] enabled)
Nov 17 14:50:47 K kernel: [    0.000000] ACPI: LAPIC (acpi_id[0x01] lapic_id[0x04] enabled)
Nov 17 14:50:47 K systemd[1]: Mounting /boot...
Nov 17 14:50:47 K kernel: [    0.000000] ACPI: LAPIC (acpi_id[0x02] lapic_id[0x01] enabled)
Nov 17 14:50:47 K kernel: [    0.000000] ACPI: LAPIC (acpi_id[0x03] lapic_id[0x05] enabled)
Nov 17 14:50:47 K systemd-fsck[351]: /dev/sda11: clean, 327/523264 files, 197786/2097152 blocks
Nov 17 14:50:47 K systemd[1]: Mounted /media/root.
Nov 17 14:50:47 K ntfs-3g[390]: Version 2014.2.15AR.2 integrated FUSE 28
Nov 17 14:50:47 K ntfs-3g[390]: Mounted /dev/sda7 (Read-Write, label "", NTFS 3.1)
Nov 17 14:50:47 K ntfs-3g[390]: Cmdline options: rw
Nov 17 14:50:47 K ntfs-3g[390]: Mount options: rw,allow_other,nonempty,relatime,fsname=/dev/sda7,blkdev,blksize=4096
Nov 17 14:50:47 K ntfs-3g[390]: Ownership and permissions disabled, configuration type 7
Nov 17 14:50:47 K systemd[1]: Mounted /boot.
Nov 17 14:50:47 K systemd[1]: Starting system-systemd\x2dbacklight.slice.
Nov 17 14:50:47 K systemd[1]: Created slice system-systemd\x2dbacklight.slice.
Nov 17 14:50:47 K systemd[1]: Starting Load/Save Screen Backlight Brightness of backlight:radeon_bl0...
Nov 17 14:50:47 K kernel: [    0.000000] ACPI: LAPIC_NMI (acpi_id[0x00] high edge lint[0x1])
Nov 17 14:50:47 K kernel: [    0.000000] ACPI: LAPIC_NMI (acpi_id[0x01] high edge lint[0x1])
Nov 17 14:50:47 K kernel: [    0.000000] ACPI: LAPIC_NMI (acpi_id[0x02] high edge lint[0x1])
Nov 17 14:50:47 K systemd[1]: Starting Load/Save Screen Backlight Brightness of backlight:acpi_video0...
Nov 17 14:50:47 K kernel: [    0.000000] ACPI: LAPIC_NMI (acpi_id[0x03] high edge lint[0x1])
Nov 17 14:50:47 K kernel: [    0.000000] ACPI: IOAPIC (id[0x02] address[0xfec00000] gsi_base[0])
Nov 17 14:50:47 K kernel: [    0.000000] IOAPIC[0]: apic_id 2, version 32, address 0xfec00000, GSI 0-23
Nov 17 14:50:47 K kernel: [    0.000000] ACPI: INT_SRC_OVR (bus 0 bus_irq 0 global_irq 2 high edge)
Nov 17 14:50:47 K systemd[1]: Started File System Check on /dev/disk/by-uuid/1edd40bb-54b6-4226-92ad-eec8d7e6d3a3.
Nov 17 14:50:47 K kernel: [    0.000000] ACPI: INT_SRC_OVR (bus 0 bus_irq 9 global_irq 9 high level)
Nov 17 14:50:47 K systemd[1]: Mounting /home...
Nov 17 14:50:47 K kernel: [    0.000000] ACPI: IRQ0 used by override.
Nov 17 14:50:47 K systemd[1]: Started Load/Save Screen Backlight Brightness of backlight:radeon_bl0.
Nov 17 14:50:47 K kernel: [    0.000000] ACPI: IRQ2 used by override.
Nov 17 14:50:47 K systemd[1]: Started Load/Save Screen Backlight Brightness of backlight:acpi_video0.
Nov 17 14:50:47 K kernel: [    0.000000] ACPI: IRQ9 used by override.
Nov 17 14:50:47 K systemd[1]: Mounted /home.
Nov 17 14:50:47 K kernel: [    0.000000] Using ACPI (MADT) for SMP configuration information
Nov 17 14:50:47 K kernel: [    0.000000] ACPI: HPET id: 0x8086a701 base: 0xfed00000
Nov 17 14:50:47 K kernel: [    0.000000] smpboot: Allowing 4 CPUs, 0 hotplug CPUs
Nov 17 14:50:47 K systemd[1]: Starting Local File Systems.
Nov 17 14:50:47 K kernel: [    0.000000] nr_irqs_gsi: 40
Nov 17 14:50:47 K kernel: [    0.000000] PM: Registered nosave memory: [mem 0x0009c000-0x0009cfff]
Nov 17 14:50:47 K systemd[1]: Reached target Local File Systems.
Nov 17 14:50:47 K kernel: [    0.000000] PM: Registered nosave memory: [mem 0x0009d000-0x0009ffff]
Nov 17 14:50:47 K systemd[1]: Starting Create Volatile Files and Directories...
Nov 17 14:50:47 K kernel: [    0.000000] PM: Registered nosave memory: [mem 0x000a0000-0x000dffff]
Nov 17 14:50:47 K kernel: [    0.000000] PM: Registered nosave memory: [mem 0x000e0000-0x000fffff]
Nov 17 14:50:47 K systemd[1]: Starting LSB: Raise network interfaces....
Nov 17 14:50:47 K kernel: [    0.000000] e820: [mem 0x7c000000-0xdfffffff] available for PCI devices
Nov 17 14:50:47 K kernel: [    0.000000] Booting paravirtualized kernel on bare hardware
Nov 17 14:50:47 K kernel: [    0.000000] setup_percpu: NR_CPUS:32 nr_cpumask_bits:32 nr_cpu_ids:4 nr_node_ids:1
Nov 17 14:50:47 K kernel: [    0.000000] PERCPU: Embedded 14 pages/cpu @f75b9000 s34752 r0 d22592 u57344
Nov 17 14:50:47 K systemd[1]: Starting Remote File Systems.
Nov 17 14:50:47 K kernel: [    0.000000] pcpu-alloc: s34752 r0 d22592 u57344 alloc=14*4096
Nov 17 14:50:47 K kernel: [    0.000000] pcpu-alloc: [0] 0 [0] 1 [0] 2 [0] 3 
Nov 17 14:50:47 K kernel: [    0.000000] Built 1 zonelists in Zone order, mobility grouping on.  Total pages: 503201
Nov 17 14:50:47 K kernel: [    0.000000] Kernel command line: BOOT_IMAGE=/vmlinuz-3.16.0-4-686-pae root=UUID=34638c9d-ebd6-4f9b-aa2d-47df968fb50c ro quiet
Nov 17 14:50:47 K kernel: [    0.000000] PID hash table entries: 4096 (order: 2, 16384 bytes)
Nov 17 14:50:47 K kernel: [    0.000000] Dentry cache hash table entries: 131072 (order: 7, 524288 bytes)
Nov 17 14:50:47 K kernel: [    0.000000] Inode-cache hash table entries: 65536 (order: 6, 262144 bytes)
Nov 17 14:50:47 K systemd[1]: Reached target Remote File Systems.
Nov 17 14:50:47 K kernel: [    0.000000] CPU0 microcode updated early to revision 0x4, date = 2013-06-28
Nov 17 14:50:47 K kernel: [    0.000000] Initializing CPU#0
Nov 17 14:50:47 K kernel: [    0.000000] Initializing HighMem for node 0 (000375fe:0007b800)
Nov 17 14:50:47 K systemd[1]: Starting Trigger Flushing of Journal to Persistent Storage...
Nov 17 14:50:47 K kernel: [    0.000000] Initializing Movable for node 0 (00000000:00000000)
Nov 17 14:50:47 K kernel: [    0.000000] Memory: 1976960K/2019892K available (4624K kernel code, 523K rwdata, 1452K rodata, 660K init, 460K bss, 42932K reserved, 1113040K highmem)
Nov 17 14:50:47 K kernel: [    0.000000] virtual kernel memory layout:
Nov 17 14:50:47 K systemd[1]: Starting LSB: Prepare console...
Nov 17 14:50:47 K kernel: [    0.000000]     fixmap  : 0xffd36000 - 0xfffff000   (2852 kB)
Nov 17 14:50:47 K kernel: [    0.000000]     pkmap   : 0xff600000 - 0xff800000   (2048 kB)
Nov 17 14:50:47 K kernel: [    0.000000]     vmalloc : 0xf7dfe000 - 0xff5fe000   ( 120 MB)
Nov 17 14:50:47 K systemd[1]: Started Trigger Flushing of Journal to Persistent Storage.
Nov 17 14:50:47 K kernel: [    0.000000]     lowmem  : 0xc0000000 - 0xf75fe000   ( 885 MB)
Nov 17 14:50:47 K kernel: [    0.000000]       .init : 0xc1675000 - 0xc171a000   ( 660 kB)
Nov 17 14:50:47 K kbd[408]: Setting console screen modes.
Nov 17 14:50:47 K kernel: [    0.000000]       .data : 0xc148473c - 0xc1673c80   (1981 kB)
Nov 17 14:50:47 K kernel: [    0.000000]       .text : 0xc1000000 - 0xc148473c   (4625 kB)
Nov 17 14:50:47 K kernel: [    0.000000] Checking if this processor honours the WP bit even in supervisor mode...Ok.
Nov 17 14:50:47 K systemd[1]: Started Create Volatile Files and Directories.
Nov 17 14:50:47 K kernel: [    0.000000] Hierarchical RCU implementation.
Nov 17 14:50:47 K kernel: [    0.000000] 	RCU dyntick-idle grace-period acceleration is enabled.
Nov 17 14:50:47 K kernel: [    0.000000] 	RCU restricting CPUs from NR_CPUS=32 to nr_cpu_ids=4.
Nov 17 14:50:47 K systemd[1]: Starting Update UTMP about System Boot/Shutdown...
Nov 17 14:50:47 K kernel: [    0.000000] RCU: Adjusting geometry for rcu_fanout_leaf=16, nr_cpu_ids=4
Nov 17 14:50:47 K kernel: [    0.000000] NR_IRQS:2304 nr_irqs:712 16
Nov 17 14:50:47 K kernel: [    0.000000] CPU 0 irqstacks, hard=f7006000 soft=f7008000
Nov 17 14:50:47 K systemd[1]: Started Update UTMP about System Boot/Shutdown.
Nov 17 14:50:47 K kernel: [    0.000000] Console: colour VGA+ 80x25
Nov 17 14:50:47 K kbd[408]: setterm: $TERM 
Nov 17 14:50:47 K kernel: [    0.000000] console [tty0] enabled
Nov 17 14:50:47 K systemd[1]: Started LSB: Prepare console.
Nov 17 14:50:47 K kernel: [    0.000000] hpet clockevent registered
Nov 17 14:50:47 K systemd[1]: Starting LSB: Set console font and keymap...
Nov 17 14:50:47 K kernel: [    0.000000] tsc: Fast TSC calibration using PIT
Nov 17 14:50:47 K kernel: [    0.000000] tsc: Detected 2526.966 MHz processor
Nov 17 14:50:47 K kernel: [    0.000031] Calibrating delay loop (skipped), value calculated using timer frequency.. 5053.93 BogoMIPS (lpj=10107864)
Nov 17 14:50:47 K kernel: [    0.000034] pid_max: default: 32768 minimum: 301
Nov 17 14:50:47 K kernel: [    0.000041] ACPI: Core revision 20140424
Nov 17 14:50:47 K networking[406]: Configuring network interfaces...done.
Nov 17 14:50:47 K kernel: [    0.010974] ACPI: All ACPI Tables successfully acquired
Nov 17 14:50:47 K kernel: [    0.010994] Security Framework initialized
Nov 17 14:50:47 K systemd[1]: Started LSB: Raise network interfaces..
Nov 17 14:50:47 K kernel: [    0.011004] AppArmor: AppArmor disabled by boot time parameter
Nov 17 14:50:47 K systemd[1]: Started LSB: Set console font and keymap.
Nov 17 14:50:47 K kernel: [    0.011005] Yama: disabled by default; enable with sysctl kernel.yama.*
Nov 17 14:50:47 K kernel: [    0.011018] Mount-cache hash table entries: 2048 (order: 1, 8192 bytes)
Nov 17 14:50:47 K kernel: [    0.011020] Mountpoint-cache hash table entries: 2048 (order: 1, 8192 bytes)
Nov 17 14:50:47 K kernel: [    0.011213] Initializing cgroup subsys memory
Nov 17 14:50:47 K kernel: [    0.011218] Initializing cgroup subsys devices
Nov 17 14:50:47 K systemd[1]: Starting Network.
Nov 17 14:50:47 K kernel: [    0.011224] Initializing cgroup subsys freezer
Nov 17 14:50:47 K kernel: [    0.011227] Initializing cgroup subsys net_cls
Nov 17 14:50:47 K kernel: [    0.011232] Initializing cgroup subsys blkio
Nov 17 14:50:47 K kernel: [    0.011235] Initializing cgroup subsys perf_event
Nov 17 14:50:47 K kernel: [    0.011237] Initializing cgroup subsys net_prio
Nov 17 14:50:47 K kernel: [    0.011259] CPU: Physical Processor ID: 0
Nov 17 14:50:47 K systemd[1]: Reached target Network.
Nov 17 14:50:47 K kernel: [    0.011260] CPU: Processor Core ID: 0
Nov 17 14:50:47 K kernel: [    0.011265] mce: CPU supports 9 MCE banks
Nov 17 14:50:47 K kernel: [    0.011273] CPU0: Thermal monitoring handled by SMI
Nov 17 14:50:47 K systemd[1]: Starting Network is Online.
Nov 17 14:50:47 K kernel: [    0.011281] process: using mwait in idle threads
Nov 17 14:50:47 K kernel: [    0.011286] Last level iTLB entries: 4KB 512, 2MB 7, 4MB 7
Nov 17 14:50:47 K systemd[1]: Reached target Network is Online.
Nov 17 14:50:47 K kernel: [    0.011286] Last level dTLB entries: 4KB 512, 2MB 32, 4MB 32, 1GB 0
Nov 17 14:50:47 K systemd[1]: Starting LSB: RPC portmapper replacement...
Nov 17 14:50:47 K kernel: [    0.011286] tlb_flushall_shift: 6
Nov 17 14:50:47 K kernel: [    0.011436] Freeing SMP alternatives memory: 20K (c171a000 - c171f000)
Nov 17 14:50:47 K kernel: [    0.030830] ftrace: allocating 20830 entries in 41 pages
Nov 17 14:50:47 K kernel: [    0.039814] Enabling APIC mode:  Flat.  Using 1 I/O APICs
Nov 17 14:50:47 K kernel: [    0.040310] ..TIMER: vector=0x30 apic1=0 pin1=2 apic2=-1 pin2=-1
Nov 17 14:50:47 K console-setup[464]: Setting up console font and keymap...done.
Nov 17 14:50:47 K kernel: [    0.079972] smpboot: CPU0: Intel(R) Core(TM) i3 CPU       M 380  @ 2.53GHz (fam: 06, model: 25, stepping: 05)
Nov 17 14:50:47 K ntpdate[550]: Can't find host 0.debian.pool.ntp.org: Name or service not known (-2)
Nov 17 14:50:47 K kernel: [    0.184340] Performance Events: PEBS fmt1+, 16-deep LBR, Westmere events, Intel PMU driver.
Nov 17 14:50:47 K ntpdate[550]: Can't find host 1.debian.pool.ntp.org: Name or service not known (-2)
Nov 17 14:50:47 K kernel: [    0.184358] perf_event_intel: CPUID marked event: 'bus cycles' unavailable
Nov 17 14:50:47 K ntpdate[550]: Can't find host 2.debian.pool.ntp.org: Name or service not known (-2)
Nov 17 14:50:47 K kernel: [    0.184361] ... version:                3
Nov 17 14:50:47 K kernel: [    0.184362] ... bit width:              48
Nov 17 14:50:47 K ntpdate[550]: Can't find host 3.debian.pool.ntp.org: Name or service not known (-2)
Nov 17 14:50:47 K kernel: [    0.184362] ... generic registers:      4
Nov 17 14:50:47 K ntpdate[550]: no servers can be used, exiting
Nov 17 14:50:47 K kernel: [    0.184363] ... value mask:             0000ffffffffffff
Nov 17 14:50:47 K rpcbind[545]: Starting rpcbind daemon....
Nov 17 14:50:47 K kernel: [    0.184364] ... max period:             000000007fffffff
Nov 17 14:50:47 K kernel: [    0.184365] ... fixed-purpose events:   3
Nov 17 14:50:47 K kernel: [    0.184366] ... event mask:             000000070000000f
Nov 17 14:50:47 K kernel: [    0.185700] CPU 1 irqstacks, hard=f7146000 soft=f7148000
Nov 17 14:50:47 K kernel: [    0.185702] x86: Booting SMP configuration:
Nov 17 14:50:47 K systemd[1]: Started LSB: RPC portmapper replacement.
Nov 17 14:50:47 K kernel: [    0.185703] .... node  #0, CPUs:      #1
Nov 17 14:50:47 K systemd[1]: Starting RPC Port Mapper.
Nov 17 14:50:47 K kernel: [    0.195961] Initializing CPU#1
Nov 17 14:50:47 K systemd[1]: Reached target RPC Port Mapper.
Nov 17 14:50:47 K kernel: [    0.196742] CPU1: Thermal monitoring handled by SMI
Nov 17 14:50:47 K systemd[1]: Starting LSB: NFS support files common to client and server...
Nov 17 14:50:47 K kernel: [    0.198905] NMI watchdog: enabled on all CPUs, permanently consumes one hw-PMU counter.
Nov 17 14:50:47 K kernel: [    0.199013] CPU 2 irqstacks, hard=f71da000 soft=f71dc000
Nov 17 14:50:47 K kernel: [    0.199015]  #2
Nov 17 14:50:47 K kernel: [    0.209089] Initializing CPU#2
Nov 17 14:50:47 K kernel: [    0.209955] CPU2: Thermal monitoring handled by SMI
Nov 17 14:50:47 K rpc.statd[568]: Version 1.2.8 starting
Nov 17 14:50:47 K kernel: [    0.212171] CPU 3 irqstacks, hard=f722c000 soft=f722e000
Nov 17 14:50:47 K sm-notify[569]: Version 1.2.8 starting
Nov 17 14:50:47 K kernel: [    0.212175]  #3
Nov 17 14:50:47 K kernel: [    0.222324] Initializing CPU#3
Nov 17 14:50:47 K nfs-common[563]: Starting NFS common utilities: statd idmapd.
Nov 17 14:50:47 K kernel: [    0.223213] CPU3: Thermal monitoring handled by SMI
Nov 17 14:50:47 K systemd[1]: Started LSB: NFS support files common to client and server.
Nov 17 14:50:47 K kernel: [    0.225334] x86: Booted up 1 node, 4 CPUs
Nov 17 14:50:47 K systemd[1]: Starting System Initialization.
Nov 17 14:50:47 K kernel: [    0.225338] smpboot: Total of 4 processors activated (20215.72 BogoMIPS)
Nov 17 14:50:47 K kernel: [    0.227801] devtmpfs: initialized
Nov 17 14:50:47 K kernel: [    0.228023] PM: Registering ACPI NVS region [mem 0x7b470000-0x7b4f0fff] (528384 bytes)
Nov 17 14:50:47 K kernel: [    0.228035] PM: Registering ACPI NVS region [mem 0x7b77f000-0x7b79efff] (131072 bytes)
Nov 17 14:50:47 K kernel: [    0.229023] pinctrl core: initialized pinctrl subsystem
Nov 17 14:50:47 K systemd[1]: Reached target System Initialization.
Nov 17 14:50:47 K kernel: [    0.229098] NET: Registered protocol family 16
Nov 17 14:50:47 K systemd[1]: Starting Avahi mDNS/DNS-SD Stack Activation Socket.
Nov 17 14:50:47 K kernel: [    0.229199] cpuidle: using governor ladder
Nov 17 14:50:47 K systemd[1]: Listening on Avahi mDNS/DNS-SD Stack Activation Socket.
Nov 17 14:50:47 K kernel: [    0.229202] cpuidle: using governor menu
Nov 17 14:50:47 K systemd[1]: Starting D-Bus System Message Bus Socket.
Nov 17 14:50:47 K kernel: [    0.229250] ACPI: bus type PCI registered
Nov 17 14:50:47 K kernel: [    0.229252] acpiphp: ACPI Hot Plug PCI Controller Driver version: 0.5
Nov 17 14:50:47 K kernel: [    0.229339] PCI: MMCONFIG for domain 0000 [bus 00-ff] at [mem 0xe0000000-0xefffffff] (base 0xe0000000)
Nov 17 14:50:47 K kernel: [    0.229343] PCI: MMCONFIG at [mem 0xe0000000-0xefffffff] reserved in E820
Nov 17 14:50:47 K kernel: [    0.229344] PCI: Using MMCONFIG for extended config space
Nov 17 14:50:47 K systemd[1]: Listening on D-Bus System Message Bus Socket.
Nov 17 14:50:47 K kernel: [    0.229345] PCI: Using configuration type 1 for base access
Nov 17 14:50:47 K kernel: [    0.229459] mtrr: your CPUs had inconsistent variable MTRR settings
Nov 17 14:50:47 K kernel: [    0.229460] mtrr: probably your BIOS does not setup all CPUs.
Nov 17 14:50:47 K systemd[1]: Starting Daily Cleanup of Temporary Directories.
Nov 17 14:50:47 K systemd[1]: Started Daily Cleanup of Temporary Directories.
Nov 17 14:50:47 K systemd[1]: Starting Timers.
Nov 17 14:50:47 K systemd[1]: Reached target Timers.
Nov 17 14:50:47 K systemd[1]: Starting CUPS Printing Service Sockets.
Nov 17 14:50:47 K systemd[1]: Listening on CUPS Printing Service Sockets.
Nov 17 14:50:47 K systemd[1]: Starting CUPS Printer Service Spool.
Nov 17 14:50:47 K systemd[1]: Started CUPS Printer Service Spool.
Nov 17 14:50:47 K systemd[1]: Starting ACPID Listen Socket.
Nov 17 14:50:47 K systemd[1]: Listening on ACPID Listen Socket.
Nov 17 14:50:47 K systemd[1]: Starting Sockets.
Nov 17 14:50:47 K systemd[1]: Reached target Sockets.
Nov 17 14:50:47 K systemd[1]: Starting ACPI Events Check.
Nov 17 14:50:47 K systemd[1]: Started ACPI Events Check.
Nov 17 14:50:47 K systemd[1]: Starting Paths.
Nov 17 14:50:47 K kernel: [    0.229460] mtrr: corrected configuration.
Nov 17 14:50:47 K kernel: [    0.240733] ACPI: Added _OSI(Module Device)
Nov 17 14:50:47 K kernel: [    0.240736] ACPI: Added _OSI(Processor Device)
Nov 17 14:50:47 K kernel: [    0.240737] ACPI: Added _OSI(3.0 _SCP Extensions)
Nov 17 14:50:47 K kernel: [    0.240738] ACPI: Added _OSI(Processor Aggregator Device)
Nov 17 14:50:47 K systemd[1]: Reached target Paths.
Nov 17 14:50:47 K kernel: [    0.247930] [Firmware Bug]: ACPI: BIOS _OSI(Linux) query ignored
Nov 17 14:50:47 K systemd[1]: Started Manage Sound Card State (restore and store).
Nov 17 14:50:47 K kernel: [    0.248296] ACPI: Dynamic OEM Table Load:
Nov 17 14:50:47 K kernel: [    0.248302] ACPI: SSDT 0x00000000F72B5800 000474 (v01 PmRef  Cpu0Ist  00003000 INTL 20050624)
Nov 17 14:50:47 K systemd[1]: Starting Restore Sound Card State...
Nov 17 14:50:47 K kernel: [    0.248779] ACPI: Dynamic OEM Table Load:
Nov 17 14:50:47 K systemd[1]: Starting Basic System.
Nov 17 14:50:47 K kernel: [    0.248784] ACPI: SSDT 0x00000000F714B000 000891 (v01 PmRef  Cpu0Cst  00003001 INTL 20050624)
Nov 17 14:50:47 K systemd[1]: Reached target Basic System.
Nov 17 14:50:47 K kernel: [    0.275078] ACPI: Dynamic OEM Table Load:
Nov 17 14:50:47 K systemd[1]: Starting Bluetooth service...
Nov 17 14:50:47 K kernel: [    0.275083] ACPI: SSDT 0x00000000F7230000 000303 (v01 PmRef  ApIst    00003000 INTL 20050624)
Nov 17 14:50:47 K systemd[1]: Starting Initialize hardware monitoring sensors...
Nov 17 14:50:47 K kernel: [    0.285413] ACPI: Dynamic OEM Table Load:
Nov 17 14:50:47 K kernel: [    0.285417] ACPI: SSDT 0x00000000F7166A00 000119 (v01 PmRef  ApCst    00003000 INTL 20050624)
Nov 17 14:50:47 K kernel: [    0.304524] ACPI: Interpreter enabled
Nov 17 14:50:47 K kernel: [    0.304536] ACPI Exception: AE_NOT_FOUND, While evaluating Sleep State [\_S1_] (20140424/hwxface-580)
Nov 17 14:50:47 K kernel: [    0.304540] ACPI Exception: AE_NOT_FOUND, While evaluating Sleep State [\_S2_] (20140424/hwxface-580)
Nov 17 14:50:47 K systemd[1]: Starting Regular background program processing daemon...
Nov 17 14:50:47 K kernel: [    0.304556] ACPI: (supports S0 S3 S4 S5)
Nov 17 14:50:47 K systemd[1]: Started Regular background program processing daemon.
Nov 17 14:50:47 K kernel: [    0.304557] ACPI: Using IOAPIC for interrupt routing
Nov 17 14:50:47 K kernel: [    0.304587] PCI: Using host bridge windows from ACPI; if necessary, use "pci=nocrs" and report a bug
Nov 17 14:50:47 K systemd[1]: Starting Network Manager...
Nov 17 14:50:47 K kernel: [    0.310630] ACPI: PCI Root Bridge [PCI0] (domain 0000 [bus 00-fe])
Nov 17 14:50:47 K kernel: [    0.310636] acpi PNP0A08:00: _OSC: OS supports [ExtendedConfig ASPM ClockPM Segments MSI]
Nov 17 14:50:47 K kernel: [    0.310671] \_SB_.PCI0:_OSC invalid UUID
Nov 17 14:50:47 K kernel: [    0.310672] _OSC request data:1 1f 0 
Nov 17 14:50:47 K kernel: [    0.310676] acpi PNP0A08:00: _OSC failed (AE_ERROR); disabling ASPM
Nov 17 14:50:47 K systemd[1]: Starting Deferred execution scheduler...
Nov 17 14:50:47 K kernel: [    0.311409] PCI host bridge to bus 0000:00
Nov 17 14:50:47 K kernel: [    0.311412] pci_bus 0000:00: root bus resource [bus 00-fe]
Nov 17 14:50:47 K kernel: [    0.311414] pci_bus 0000:00: root bus resource [io  0x0000-0x0cf7]
Nov 17 14:50:47 K kernel: [    0.311416] pci_bus 0000:00: root bus resource [io  0x0d00-0xffff]
Nov 17 14:50:47 K kernel: [    0.311418] pci_bus 0000:00: root bus resource [mem 0x000a0000-0x000bffff]
Nov 17 14:50:47 K systemd[1]: Started Deferred execution scheduler.
Nov 17 14:50:47 K kernel: [    0.311419] pci_bus 0000:00: root bus resource [mem 0x000d4000-0x000d7fff]
Nov 17 14:50:47 K systemd[1]: Starting Restore /etc/resolv.conf if the system crashed before the ppp link was shut down....
Nov 17 14:50:47 K kernel: [    0.311421] pci_bus 0000:00: root bus resource [mem 0x000d8000-0x000dbfff]
Nov 17 14:50:47 K systemd[1]: Starting Run anacron jobs...
Nov 17 14:50:47 K kernel: [    0.311423] pci_bus 0000:00: root bus resource [mem 0x000dc000-0x000dffff]
Nov 17 14:50:47 K systemd[1]: Started Run anacron jobs.
Nov 17 14:50:47 K kernel: [    0.311424] pci_bus 0000:00: root bus resource [mem 0x7c000000-0xfeafffff]
Nov 17 14:50:47 K systemd[1]: Starting Modem Manager...
Nov 17 14:50:47 K kernel: [    0.311433] pci 0000:00:00.0: [8086:0044] type 00 class 0x060000
Nov 17 14:50:47 K kernel: [    0.311528] pci 0000:00:01.0: [8086:0045] type 01 class 0x060400
Nov 17 14:50:47 K kernel: [    0.311563] pci 0000:00:01.0: PME# supported from D0 D3hot D3cold
Nov 17 14:50:47 K kernel: [    0.311603] pci 0000:00:01.0: System wakeup disabled by ACPI
Nov 17 14:50:47 K kernel: [    0.311676] pci 0000:00:16.0: [8086:3b64] type 00 class 0x078000
Nov 17 14:50:47 K kernel: [    0.311706] pci 0000:00:16.0: reg 0x10: [mem 0xf0804000-0xf080400f 64bit]
Nov 17 14:50:47 K systemd[1]: Starting /etc/rc.local Compatibility...
Nov 17 14:50:47 K kernel: [    0.311800] pci 0000:00:16.0: PME# supported from D0 D3hot D3cold
Nov 17 14:50:47 K systemd[1]: Starting Login Service...
Nov 17 14:50:47 K kernel: [    0.311901] pci 0000:00:1a.0: [8086:3b3c] type 00 class 0x0c0320
Nov 17 14:50:47 K systemd[1]: Started getty on tty2-tty6 if dbus and logind are not available.
Nov 17 14:50:47 K kernel: [    0.311926] pci 0000:00:1a.0: reg 0x10: [mem 0xf0806000-0xf08063ff]
Nov 17 14:50:47 K kernel: [    0.312032] pci 0000:00:1a.0: PME# supported from D0 D3hot D3cold
Nov 17 14:50:47 K kernel: [    0.312099] pci 0000:00:1a.0: System wakeup disabled by ACPI
Nov 17 14:50:47 K kernel: [    0.312151] pci 0000:00:1b.0: [8086:3b56] type 00 class 0x040300
Nov 17 14:50:47 K kernel: [    0.312176] pci 0000:00:1b.0: reg 0x10: [mem 0xf0800000-0xf0803fff 64bit]
Nov 17 14:50:47 K kernel: [    0.312284] pci 0000:00:1b.0: PME# supported from D0 D3hot D3cold
Nov 17 14:50:47 K systemd[1]: Starting LSB: Fast tunnel proxy that helps you bypass firewalls...
Nov 17 14:50:47 K kernel: [    0.312334] pci 0000:00:1b.0: System wakeup disabled by ACPI
Nov 17 14:50:47 K systemd[1]: Starting LSB: Speech Dispatcher...
Nov 17 14:50:47 K kernel: [    0.312379] pci 0000:00:1c.0: [8086:3b42] type 01 class 0x060400
Nov 17 14:50:47 K systemd[1]: Starting LSB: disk temperature monitoring daemon...
Nov 17 14:50:47 K kernel: [    0.312485] pci 0000:00:1c.0: PME# supported from D0 D3hot D3cold
Nov 17 14:50:47 K systemd[1]: Starting LSB: Adaptive readahead daemon...
Nov 17 14:50:47 K kernel: [    0.312535] pci 0000:00:1c.0: System wakeup disabled by ACPI
Nov 17 14:50:47 K systemd[1]: Starting LSB: Start and stop the mysql database server daemon...
Nov 17 14:50:47 K kernel: [    0.312580] pci 0000:00:1c.1: [8086:3b44] type 01 class 0x060400
Nov 17 14:50:47 K kernel: [    0.312686] pci 0000:00:1c.1: PME# supported from D0 D3hot D3cold
Nov 17 14:50:47 K systemd[1]: Starting LSB: Start NTP daemon...
Nov 17 14:50:47 K kernel: [    0.312738] pci 0000:00:1c.1: System wakeup disabled by ACPI
Nov 17 14:50:47 K systemd[1]: Starting LSB: VirtualBox Linux kernel module...
Nov 17 14:50:47 K kernel: [    0.312783] pci 0000:00:1c.3: [8086:3b48] type 01 class 0x060400
Nov 17 14:50:47 K kernel: [    0.312889] pci 0000:00:1c.3: PME# supported from D0 D3hot D3cold
Nov 17 14:50:47 K kernel: [    0.312939] pci 0000:00:1c.3: System wakeup disabled by ACPI
Nov 17 14:50:47 K kernel: [    0.312984] pci 0000:00:1c.4: [8086:3b4a] type 01 class 0x060400
Nov 17 14:50:47 K systemd[1]: Starting LSB: Apache2 web server...
Nov 17 14:50:47 K kernel: [    0.313089] pci 0000:00:1c.4: PME# supported from D0 D3hot D3cold
Nov 17 14:50:47 K kernel: [    0.313140] pci 0000:00:1c.4: System wakeup disabled by ACPI
Nov 17 14:50:47 K systemd[1]: Starting Avahi mDNS/DNS-SD Stack...
Nov 17 14:50:47 K kernel: [    0.313185] pci 0000:00:1c.5: [8086:3b4c] type 01 class 0x060400
Nov 17 14:50:47 K systemd[1]: Starting D-Bus System Message Bus...
Nov 17 14:50:47 K kernel: [    0.313292] pci 0000:00:1c.5: PME# supported from D0 D3hot D3cold
Nov 17 14:50:47 K kernel: [    0.313344] pci 0000:00:1c.5: System wakeup disabled by ACPI
Nov 17 14:50:47 K kernel: [    0.313396] pci 0000:00:1d.0: [8086:3b34] type 00 class 0x0c0320
Nov 17 14:50:47 K kernel: [    0.313422] pci 0000:00:1d.0: reg 0x10: [mem 0xf0807000-0xf08073ff]
Nov 17 14:50:47 K kernel: [    0.313529] pci 0000:00:1d.0: PME# supported from D0 D3hot D3cold
Nov 17 14:50:47 K systemd[1]: Started D-Bus System Message Bus.
Nov 17 14:50:47 K kernel: [    0.313595] pci 0000:00:1d.0: System wakeup disabled by ACPI
Nov 17 14:50:47 K kernel: [    0.313641] pci 0000:00:1e.0: [8086:2448] type 01 class 0x060401
Nov 17 14:50:47 K kernel: [    0.313749] pci 0000:00:1e.0: System wakeup disabled by ACPI
Nov 17 14:50:47 K kernel: [    0.313793] pci 0000:00:1f.0: [8086:3b09] type 00 class 0x060100
Nov 17 14:50:47 K kernel: [    0.313978] pci 0000:00:1f.2: [8086:3b29] type 00 class 0x010601
Nov 17 14:50:47 K kernel: [    0.314005] pci 0000:00:1f.2: reg 0x10: [io  0x1830-0x1837]
Nov 17 14:50:47 K cron[587]: (CRON) INFO (pidfile fd = 3)
Nov 17 14:50:47 K kernel: [    0.314016] pci 0000:00:1f.2: reg 0x14: [io  0x1824-0x1827]
Nov 17 14:50:47 K anacron[593]: Anacron 2.3 started on 2016-11-17
Nov 17 14:50:47 K kernel: [    0.314027] pci 0000:00:1f.2: reg 0x18: [io  0x1828-0x182f]
Nov 17 14:50:47 K anacron[593]: Normal exit (0 jobs run)
Nov 17 14:50:47 K kernel: [    0.314038] pci 0000:00:1f.2: reg 0x1c: [io  0x1820-0x1823]
Nov 17 14:50:47 K cron[587]: (CRON) INFO (Running @reboot jobs)
Nov 17 14:50:47 K kernel: [    0.314049] pci 0000:00:1f.2: reg 0x20: [io  0x1800-0x181f]
Nov 17 14:50:47 K kernel: [    0.314060] pci 0000:00:1f.2: reg 0x24: [mem 0xf0808000-0xf08087ff]
Nov 17 14:50:47 K avahi-daemon[606]: Found user 'avahi' (UID 105) and group 'avahi' (GID 112).
Nov 17 14:50:47 K kernel: [    0.314126] pci 0000:00:1f.2: PME# supported from D3hot
Nov 17 14:50:47 K kernel: [    0.314210] pci 0000:00:1f.3: [8086:3b30] type 00 class 0x0c0500
Nov 17 14:50:47 K kernel: [    0.314232] pci 0000:00:1f.3: reg 0x10: [mem 0xf0809000-0xf08090ff 64bit]
Nov 17 14:50:47 K avahi-daemon[606]: Successfully dropped root privileges.
Nov 17 14:50:47 K kernel: [    0.314261] pci 0000:00:1f.3: reg 0x20: [io  0x1840-0x185f]
Nov 17 14:50:47 K avahi-daemon[606]: avahi-daemon 0.6.31 starting up.
Nov 17 14:50:47 K kernel: [    0.314402] pci 0000:01:00.0: [1002:9553] type 00 class 0x030000
Nov 17 14:50:47 K kernel: [    0.314416] pci 0000:01:00.0: reg 0x10: [mem 0xc0000000-0xdfffffff pref]
Nov 17 14:50:47 K ntpd[654]: ntpd 4.2.6p5@1.2349-o Fri Jul 22 17:48:00 UTC 2016 (1)
Nov 17 14:50:47 K kernel: [    0.314425] pci 0000:01:00.0: reg 0x14: [io  0x2000-0x20ff]
Nov 17 14:50:47 K kernel: [    0.314434] pci 0000:01:00.0: reg 0x18: [mem 0xf0300000-0xf030ffff]
Nov 17 14:50:47 K ntpd[660]: proto: precision = 0.259 usec
Nov 17 14:50:47 K kernel: [    0.314462] pci 0000:01:00.0: reg 0x30: [mem 0x00000000-0x0001ffff pref]
Nov 17 14:50:47 K ntp[602]: Starting NTP server: ntpd.
Nov 17 14:50:47 K kernel: [    0.314494] pci 0000:01:00.0: supports D1 D2
Nov 17 14:50:47 K kernel: [    0.314543] pci 0000:01:00.1: [1002:aa38] type 00 class 0x040300
Nov 17 14:50:47 K kernel: [    0.314557] pci 0000:01:00.1: reg 0x10: [mem 0xf0310000-0xf0313fff]
Nov 17 14:50:47 K kernel: [    0.314627] pci 0000:01:00.1: supports D1 D2
Nov 17 14:50:47 K kernel: [    0.314690] pci 0000:00:01.0: PCI bridge to [bus 01]
Nov 17 14:50:47 K bluetoothd[584]: Bluetooth daemon 5.23
Nov 17 14:50:47 K kernel: [    0.314692] pci 0000:00:01.0:   bridge window [io  0x2000-0x2fff]
Nov 17 14:50:47 K ntpd[660]: Listen and drop on 0 v4wildcard 0.0.0.0 UDP 123
